#
# There is insufficient memory for the Java Runtime Environment to continue.
# Native memory allocation (malloc) failed to allocate 240976 bytes. Error detail: Chunk::new
# Possible reasons:
#   The system is out of physical RAM or swap space
#   This process is running with CompressedOops enabled, and the Java Heap may be blocking the growth of the native heap
# Possible solutions:
#   Reduce memory load on the system
#   Increase physical memory or swap space
#   Check if swap backing store is full
#   Decrease Java heap size (-Xmx/-Xms)
#   Decrease number of Java threads
#   Decrease Java thread stack sizes (-Xss)
#   Set larger code cache with -XX:ReservedCodeCacheSize=
#   JVM is running with Unscaled Compressed Oops mode in which the Java heap is
#     placed in the first 4GB address space. The Java Heap base address is the
#     maximum limit for the native heap growth. Please use -XX:HeapBaseMinAddress
#     to set the Java Heap base and to place the Java Heap above 4GB virtual address.
# This output file may be truncated or incomplete.
#
#  Out of Memory Error (arena.cpp:168), pid=16184, tid=7132
#
# JRE version: OpenJDK Runtime Environment Temurin-21.0.9+10 (21.0.9+10) (build 21.0.9+10-LTS)
# Java VM: OpenJDK 64-Bit Server VM Temurin-21.0.9+10 (21.0.9+10-LTS, mixed mode, sharing, tiered, compressed oops, compressed class ptrs, parallel gc, windows-amd64)
# No core dump will be written. Minidumps are not enabled by default on client versions of Windows
#

---------------  S U M M A R Y ------------

Command Line: --add-modules=ALL-SYSTEM --add-opens=java.base/java.util=ALL-UNNAMED --add-opens=java.base/java.lang=ALL-UNNAMED --add-opens=java.base/sun.nio.fs=ALL-UNNAMED -Declipse.application=org.eclipse.jdt.ls.core.id1 -Dosgi.bundles.defaultStartLevel=4 -Declipse.product=org.eclipse.jdt.ls.core.product -Djava.import.generatesMetadataFilesAtProjectRoot=false -DDetectVMInstallationsJob.disabled=true -Dfile.encoding=utf8 -XX:+UseParallelGC -XX:GCTimeRatio=4 -XX:AdaptiveSizePolicyWeight=90 -Dsun.zip.disableMemoryMapping=true -Xmx2G -Xms100m -Xlog:disable -javaagent:c:\Users\LaptopHL\.vscode\extensions\redhat.java-1.50.0-win32-x64\lombok\lombok-1.18.39-4050.jar -XX:+HeapDumpOnOutOfMemoryError -XX:HeapDumpPath=c:\Users\LaptopHL\AppData\Roaming\Code\User\workspaceStorage\9d5b18b860a84b270e7aae7698a56e88\redhat.java -Daether.dependencyCollector.impl=bf c:\Users\LaptopHL\.vscode\extensions\redhat.java-1.50.0-win32-x64\server\plugins\org.eclipse.equinox.launcher_1.7.100.v20251111-0406.jar -configuration c:\Users\LaptopHL\AppData\Roaming\Code\User\globalStorage\redhat.java\1.50.0\config_win -data c:\Users\LaptopHL\AppData\Roaming\Code\User\workspaceStorage\9d5b18b860a84b270e7aae7698a56e88\redhat.java\jdt_ws --pipe=\\.\pipe\lsp-510f64bd657ca4e12588397ca9d64469-sock

Host: Intel(R) Core(TM) i5-10310U CPU @ 1.70GHz, 8 cores, 7G,  Windows 11 , 64 bit Build 26100 (10.0.26100.7019)
Time: Fri Jan  2 19:43:17 2026 SE Asia Standard Time elapsed time: 10.890141 seconds (0d 0h 0m 10s)

---------------  T H R E A D  ---------------

Current thread (0x00000168f439c690):  JavaThread "C2 CompilerThread2" daemon [_thread_in_native, id=7132, stack(0x00000017f4c00000,0x00000017f4d00000) (1024K)]


Current CompileTask:
C2:10890 1744       4       java.io.WinNTFileSystem::normalize (143 bytes)

Stack: [0x00000017f4c00000,0x00000017f4d00000]
Native frames: (J=compiled Java code, j=interpreted, Vv=VM code, C=native code)
V  [jvm.dll+0x6d6e29]
V  [jvm.dll+0x8b4b76]
V  [jvm.dll+0x8b712e]
V  [jvm.dll+0x8b7813]
V  [jvm.dll+0x283d86]
V  [jvm.dll+0xc66ed]
V  [jvm.dll+0xc6c31]
V  [jvm.dll+0x3be501]
V  [jvm.dll+0x1e3d59]
V  [jvm.dll+0x24c0f3]
V  [jvm.dll+0x24b580]
V  [jvm.dll+0x1cb13e]
V  [jvm.dll+0x25b29d]
V  [jvm.dll+0x25982a]
V  [jvm.dll+0x3f7ea6]
V  [jvm.dll+0x85e9ad]
V  [jvm.dll+0x6d565d]
C  [ucrtbase.dll+0x37b0]
C  [KERNEL32.DLL+0x2e8d7]
C  [ntdll.dll+0x8c53c]


---------------  P R O C E S S  ---------------

Threads class SMR info:
_java_thread_list=0x00000168fadcdda0, length=15, elements={
0x00000168dd90d380, 0x00000168dd9c9530, 0x00000168dd9cc9b0, 0x00000168f43845b0,
0x00000168f4385200, 0x00000168f4389220, 0x00000168f438f760, 0x00000168f4397ff0,
0x00000168f439cd60, 0x00000168f439f640, 0x00000168fa1c09b0, 0x00000168fa321cc0,
0x00000168f439c690, 0x00000168fa6e6710, 0x00000168fa4d8010
}

Java Threads: ( => current thread )
  0x00000168dd90d380 JavaThread "main"                              [_thread_in_native, id=17028, stack(0x00000017f3d00000,0x00000017f3e00000) (1024K)]
  0x00000168dd9c9530 JavaThread "Reference Handler"          daemon [_thread_blocked, id=23368, stack(0x00000017f4100000,0x00000017f4200000) (1024K)]
  0x00000168dd9cc9b0 JavaThread "Finalizer"                  daemon [_thread_blocked, id=22076, stack(0x00000017f4200000,0x00000017f4300000) (1024K)]
  0x00000168f43845b0 JavaThread "Signal Dispatcher"          daemon [_thread_blocked, id=3128, stack(0x00000017f4300000,0x00000017f4400000) (1024K)]
  0x00000168f4385200 JavaThread "Attach Listener"            daemon [_thread_blocked, id=17780, stack(0x00000017f4400000,0x00000017f4500000) (1024K)]
  0x00000168f4389220 JavaThread "Service Thread"             daemon [_thread_blocked, id=3456, stack(0x00000017f4500000,0x00000017f4600000) (1024K)]
  0x00000168f438f760 JavaThread "Monitor Deflation Thread"   daemon [_thread_blocked, id=8520, stack(0x00000017f4600000,0x00000017f4700000) (1024K)]
  0x00000168f4397ff0 JavaThread "C2 CompilerThread0"         daemon [_thread_blocked, id=10460, stack(0x00000017f4700000,0x00000017f4800000) (1024K)]
  0x00000168f439cd60 JavaThread "C1 CompilerThread0"         daemon [_thread_in_native, id=9528, stack(0x00000017f4800000,0x00000017f4900000) (1024K)]
  0x00000168f439f640 JavaThread "C2 CompilerThread1"         daemon [_thread_blocked, id=12376, stack(0x00000017f4900000,0x00000017f4a00000) (1024K)]
  0x00000168fa1c09b0 JavaThread "Common-Cleaner"             daemon [_thread_blocked, id=21564, stack(0x00000017f4a00000,0x00000017f4b00000) (1024K)]
  0x00000168fa321cc0 JavaThread "Notification Thread"        daemon [_thread_blocked, id=1192, stack(0x00000017f4b00000,0x00000017f4c00000) (1024K)]
=>0x00000168f439c690 JavaThread "C2 CompilerThread2"         daemon [_thread_in_native, id=7132, stack(0x00000017f4c00000,0x00000017f4d00000) (1024K)]
  0x00000168fa6e6710 JavaThread "Active Thread: Equinox Container: 61d8b261-69b4-44f3-a005-981aac5fd070"        [_thread_blocked, id=23504, stack(0x00000017f5300000,0x00000017f5400000) (1024K)]
  0x00000168fa4d8010 JavaThread "Refresh Thread: Equinox Container: 61d8b261-69b4-44f3-a005-981aac5fd070" daemon [_thread_in_native, id=13736, stack(0x00000017f5400000,0x00000017f5500000) (1024K)]
Total: 15

Other Threads:
  0x00000168dd9af810 VMThread "VM Thread"                           [id=1904, stack(0x00000017f4000000,0x00000017f4100000) (1024K)]
  0x00000168f429ca00 WatcherThread "VM Periodic Task Thread"        [id=4956, stack(0x00000017f3f00000,0x00000017f4000000) (1024K)]
  0x00000168dd92b920 WorkerThread "GC Thread#0"                     [id=8168, stack(0x00000017f3e00000,0x00000017f3f00000) (1024K)]
  0x00000168fa74c4b0 WorkerThread "GC Thread#1"                     [id=21220, stack(0x00000017f4d00000,0x00000017f4e00000) (1024K)]
  0x00000168fa74c850 WorkerThread "GC Thread#2"                     [id=11412, stack(0x00000017f4e00000,0x00000017f4f00000) (1024K)]
  0x00000168fa74cbf0 WorkerThread "GC Thread#3"                     [id=20600, stack(0x00000017f4f00000,0x00000017f5000000) (1024K)]
  0x00000168fa4fc090 WorkerThread "GC Thread#4"                     [id=16452, stack(0x00000017f5000000,0x00000017f5100000) (1024K)]
  0x00000168fa4fc430 WorkerThread "GC Thread#5"                     [id=14136, stack(0x00000017f5100000,0x00000017f5200000) (1024K)]
  0x00000168fa4fc7d0 WorkerThread "GC Thread#6"                     [id=8536, stack(0x00000017f5200000,0x00000017f5300000) (1024K)]
Total: 9

Threads with active compile tasks:
C1 CompilerThread0  10926 1804       3       java.net.URLClassLoader::isSealed (72 bytes)
C2 CompilerThread2  10926 1744       4       java.io.WinNTFileSystem::normalize (143 bytes)
Total: 2

VM state: not at safepoint (normal execution)

VM Mutex/Monitor currently owned by a thread: None

Heap address: 0x0000000080000000, size: 2048 MB, Compressed Oops mode: 32-bit

CDS archive(s) mapped at: [0x0000016880000000-0x0000016880ba0000-0x0000016880ba0000), size 12189696, SharedBaseAddress: 0x0000016880000000, ArchiveRelocationMode: 1.
Compressed class space mapped at: 0x0000016881000000-0x00000168c1000000, reserved size: 1073741824
Narrow klass base: 0x0000016880000000, Narrow klass shift: 0, Narrow klass range: 0x100000000

GC Precious Log:
 CardTable entry size: 512
 CPUs: 8 total, 8 available
 Memory: 7910M
 Large Page Support: Disabled
 NUMA Support: Disabled
 Compressed Oops: Enabled (32-bit)
 Alignments: Space 512K, Generation 512K, Heap 2M
 Heap Min Capacity: 100M
 Heap Initial Capacity: 100M
 Heap Max Capacity: 2G
 Pre-touch: Disabled
 Parallel Workers: 8

Heap:
 PSYoungGen      total 29696K, used 28583K [0x00000000d5580000, 0x00000000d7680000, 0x0000000100000000)
  eden space 25600K, 98% used [0x00000000d5580000,0x00000000d6e35b28,0x00000000d6e80000)
  from space 4096K, 80% used [0x00000000d6e80000,0x00000000d71b4148,0x00000000d7280000)
  to   space 4096K, 0% used [0x00000000d7280000,0x00000000d7280000,0x00000000d7680000)
 ParOldGen       total 68608K, used 16K [0x0000000080000000, 0x0000000084300000, 0x00000000d5580000)
  object space 68608K, 0% used [0x0000000080000000,0x0000000080004000,0x0000000084300000)
 Metaspace       used 7974K, committed 8256K, reserved 1114112K
  class space    used 840K, committed 960K, reserved 1048576K

Card table byte_map: [0x00000168dd2e0000,0x00000168dd6f0000] _byte_map_base: 0x00000168dcee0000

Marking Bits: (ParMarkBitMap*) 0x00007ffe10682460
 Begin Bits: [0x00000168efdc0000, 0x00000168f1dc0000)
 End Bits:   [0x00000168f1dc0000, 0x00000168f3dc0000)

Polling page: 0x00000168dd0d0000

Metaspace:

Usage:
  Non-class:      6.97 MB used.
      Class:    840.02 KB used.
       Both:      7.79 MB used.

Virtual space:
  Non-class space:       64.00 MB reserved,       7.12 MB ( 11%) committed,  1 nodes.
      Class space:        1.00 GB reserved,     960.00 KB ( <1%) committed,  1 nodes.
             Both:        1.06 GB reserved,       8.06 MB ( <1%) committed. 

Chunk freelists:
   Non-Class:  8.79 MB
       Class:  14.90 MB
        Both:  23.70 MB

MaxMetaspaceSize: unlimited
CompressedClassSpaceSize: 1.00 GB
Initial GC threshold: 21.00 MB
Current GC threshold: 21.00 MB
CDS: on
 - commit_granule_bytes: 65536.
 - commit_granule_words: 8192.
 - virtual_space_node_default_size: 8388608.
 - enlarge_chunks_in_place: 1.
 - use_allocation_guard: 0.


Internal statistics:

num_allocs_failed_limit: 0.
num_arena_births: 232.
num_arena_deaths: 0.
num_vsnodes_births: 2.
num_vsnodes_deaths: 0.
num_space_committed: 129.
num_space_uncommitted: 0.
num_chunks_returned_to_freelist: 0.
num_chunks_taken_from_freelist: 427.
num_chunk_merges: 0.
num_chunk_splits: 273.
num_chunks_enlarged: 180.
num_inconsistent_stats: 0.

CodeHeap 'non-profiled nmethods': size=120000Kb used=757Kb max_used=757Kb free=119242Kb
 bounds [0x00000168e85e0000, 0x00000168e8850000, 0x00000168efb10000]
CodeHeap 'profiled nmethods': size=120000Kb used=3212Kb max_used=3212Kb free=116787Kb
 bounds [0x00000168e0b10000, 0x00000168e0e40000, 0x00000168e8040000]
CodeHeap 'non-nmethods': size=5760Kb used=1218Kb max_used=1248Kb free=4541Kb
 bounds [0x00000168e8040000, 0x00000168e82b0000, 0x00000168e85e0000]
CodeCache: size=245760Kb, used=5187Kb, max_used=5217Kb, free=240570Kb
 total_blobs=2282, nmethods=1798, adapters=390, full_count=0
Compilation: enabled, stopped_count=0, restarted_count=0

Compilation events (20 events):
Event: 8.850 Thread 0x00000168f4397ff0 1761       4       java.lang.StringBuilder::<init> (7 bytes)
Event: 8.850 Thread 0x00000168f439cd60 nmethod 1759 0x00000168e0e18610 code [0x00000168e0e187c0, 0x00000168e0e18910]
Event: 8.851 Thread 0x00000168f439cd60 1760       3       java.io.WinNTFileSystem::resolve (326 bytes)
Event: 8.852 Thread 0x00000168f4397ff0 nmethod 1761 0x00000168e8697a10 code [0x00000168e8697ba0, 0x00000168e8697cd0]
Event: 8.856 Thread 0x00000168f439cd60 nmethod 1760 0x00000168e0e18a10 code [0x00000168e0e18f40, 0x00000168e0e1bd48]
Event: 8.857 Thread 0x00000168f439cd60 1762       3       java.io.File::<init> (111 bytes)
Event: 8.858 Thread 0x00000168f439cd60 nmethod 1762 0x00000168e0e1ce90 code [0x00000168e0e1d140, 0x00000168e0e1dbc0]
Event: 8.859 Thread 0x00000168f439cd60 1763       3       java.net.URLStreamHandler::<init> (5 bytes)
Event: 8.859 Thread 0x00000168f439cd60 nmethod 1763 0x00000168e0e1e010 code [0x00000168e0e1e1c0, 0x00000168e0e1e328]
Event: 8.860 Thread 0x00000168f439cd60 1764       3       org.eclipse.osgi.internal.framework.EquinoxConfiguration::getProperty (9 bytes)
Event: 8.860 Thread 0x00000168f439cd60 nmethod 1764 0x00000168e0e1e410 code [0x00000168e0e1e660, 0x00000168e0e1edf8]
Event: 8.860 Thread 0x00000168f439cd60 1765       3       org.eclipse.osgi.internal.framework.EquinoxConfiguration$ConfigValues::getProperty (31 bytes)
Event: 8.861 Thread 0x00000168f439cd60 nmethod 1765 0x00000168e0e1f090 code [0x00000168e0e1f320, 0x00000168e0e1fd98]
Event: 8.861 Thread 0x00000168f439cd60 1766       3       org.eclipse.osgi.internal.framework.BundleContextImpl::getProperty (25 bytes)
Event: 8.862 Thread 0x00000168f439cd60 nmethod 1766 0x00000168e0e20110 code [0x00000168e0e20320, 0x00000168e0e208b8]
Event: 8.862 Thread 0x00000168f439cd60 1767       3       org.eclipse.equinox.plurl.PlurlStreamHandlerBase::<init> (5 bytes)
Event: 8.862 Thread 0x00000168f439f640 nmethod 1737% 0x00000168e8697d90 code [0x00000168e8698020, 0x00000168e86995c0]
Event: 8.862 Thread 0x00000168f4397ff0 1768       4       java.lang.CharacterDataLatin1::equalsIgnoreCase (63 bytes)
Event: 8.862 Thread 0x00000168f439cd60 nmethod 1767 0x00000168e0e20b10 code [0x00000168e0e20cc0, 0x00000168e0e20e88]
Event: 8.865 Thread 0x00000168f439cd60 1769       3       java.net.URL::<init> (11 bytes)

GC Heap History (2 events):
Event: 0.951 GC heap before
{Heap before GC invocations=1 (full 0):
 PSYoungGen      total 29696K, used 25600K [0x00000000d5580000, 0x00000000d7680000, 0x0000000100000000)
  eden space 25600K, 100% used [0x00000000d5580000,0x00000000d6e80000,0x00000000d6e80000)
  from space 4096K, 0% used [0x00000000d7280000,0x00000000d7280000,0x00000000d7680000)
  to   space 4096K, 0% used [0x00000000d6e80000,0x00000000d6e80000,0x00000000d7280000)
 ParOldGen       total 68608K, used 0K [0x0000000080000000, 0x0000000084300000, 0x00000000d5580000)
  object space 68608K, 0% used [0x0000000080000000,0x0000000080000000,0x0000000084300000)
 Metaspace       used 4345K, committed 4608K, reserved 1114112K
  class space    used 472K, committed 576K, reserved 1048576K
}
Event: 0.957 GC heap after
{Heap after GC invocations=1 (full 0):
 PSYoungGen      total 29696K, used 3280K [0x00000000d5580000, 0x00000000d7680000, 0x0000000100000000)
  eden space 25600K, 0% used [0x00000000d5580000,0x00000000d5580000,0x00000000d6e80000)
  from space 4096K, 80% used [0x00000000d6e80000,0x00000000d71b4148,0x00000000d7280000)
  to   space 4096K, 0% used [0x00000000d7280000,0x00000000d7280000,0x00000000d7680000)
 ParOldGen       total 68608K, used 16K [0x0000000080000000, 0x0000000084300000, 0x00000000d5580000)
  object space 68608K, 0% used [0x0000000080000000,0x0000000080004000,0x0000000084300000)
 Metaspace       used 4345K, committed 4608K, reserved 1114112K
  class space    used 472K, committed 576K, reserved 1048576K
}

Dll operation events (8 events):
Event: 0.017 Loaded shared library c:\Users\LaptopHL\.vscode\extensions\redhat.java-1.50.0-win32-x64\jre\21.0.9-win32-x86_64\bin\java.dll
Event: 0.118 Loaded shared library c:\Users\LaptopHL\.vscode\extensions\redhat.java-1.50.0-win32-x64\jre\21.0.9-win32-x86_64\bin\zip.dll
Event: 0.148 Loaded shared library C:\Users\LaptopHL\.vscode\extensions\redhat.java-1.50.0-win32-x64\jre\21.0.9-win32-x86_64\bin\instrument.dll
Event: 0.155 Loaded shared library C:\Users\LaptopHL\.vscode\extensions\redhat.java-1.50.0-win32-x64\jre\21.0.9-win32-x86_64\bin\net.dll
Event: 0.158 Loaded shared library C:\Users\LaptopHL\.vscode\extensions\redhat.java-1.50.0-win32-x64\jre\21.0.9-win32-x86_64\bin\nio.dll
Event: 0.163 Loaded shared library C:\Users\LaptopHL\.vscode\extensions\redhat.java-1.50.0-win32-x64\jre\21.0.9-win32-x86_64\bin\zip.dll
Event: 0.187 Loaded shared library C:\Users\LaptopHL\.vscode\extensions\redhat.java-1.50.0-win32-x64\jre\21.0.9-win32-x86_64\bin\jimage.dll
Event: 0.285 Loaded shared library c:\Users\LaptopHL\.vscode\extensions\redhat.java-1.50.0-win32-x64\jre\21.0.9-win32-x86_64\bin\verify.dll

Deoptimization events (20 events):
Event: 7.642 Thread 0x00000168dd90d380 Uncommon trap: trap_request=0xffffffde fr.pc=0x00000168e860f07c relative=0x00000000000004bc
Event: 7.642 Thread 0x00000168dd90d380 Uncommon trap: reason=class_check action=maybe_recompile pc=0x00000168e860f07c method=java.util.HashMap.putVal(ILjava/lang/Object;Ljava/lang/Object;ZZ)Ljava/lang/Object; @ 253 c2
Event: 7.642 Thread 0x00000168dd90d380 DEOPT PACKING pc=0x00000168e860f07c sp=0x00000017f3dfe4f0
Event: 7.642 Thread 0x00000168dd90d380 DEOPT UNPACKING pc=0x00000168e8093aa2 sp=0x00000017f3dfe4b0 mode 2
Event: 7.705 Thread 0x00000168dd90d380 DEOPT PACKING pc=0x00000168e0bd7abc sp=0x00000017f3dfc580
Event: 7.705 Thread 0x00000168dd90d380 DEOPT UNPACKING pc=0x00000168e8094242 sp=0x00000017f3dfbaa0 mode 0
Event: 7.727 Thread 0x00000168dd90d380 DEOPT PACKING pc=0x00000168e0c0ef0b sp=0x00000017f3dfcc40
Event: 7.727 Thread 0x00000168dd90d380 DEOPT UNPACKING pc=0x00000168e8094242 sp=0x00000017f3dfc0b8 mode 0
Event: 7.729 Thread 0x00000168dd90d380 DEOPT PACKING pc=0x00000168e0c8f788 sp=0x00000017f3dfc840
Event: 7.729 Thread 0x00000168dd90d380 DEOPT UNPACKING pc=0x00000168e8094242 sp=0x00000017f3dfbcc0 mode 0
Event: 7.729 Thread 0x00000168dd90d380 DEOPT PACKING pc=0x00000168e0c0a406 sp=0x00000017f3dfc700
Event: 7.729 Thread 0x00000168dd90d380 DEOPT UNPACKING pc=0x00000168e8094242 sp=0x00000017f3dfbb80 mode 0
Event: 7.732 Thread 0x00000168dd90d380 DEOPT PACKING pc=0x00000168e0c8f788 sp=0x00000017f3dfcb50
Event: 7.732 Thread 0x00000168dd90d380 DEOPT UNPACKING pc=0x00000168e8094242 sp=0x00000017f3dfbfd0 mode 0
Event: 7.735 Thread 0x00000168dd90d380 DEOPT PACKING pc=0x00000168e0c0a406 sp=0x00000017f3dfc950
Event: 7.735 Thread 0x00000168dd90d380 DEOPT UNPACKING pc=0x00000168e8094242 sp=0x00000017f3dfbdd0 mode 0
Event: 7.735 Thread 0x00000168dd90d380 DEOPT PACKING pc=0x00000168e0c8f788 sp=0x00000017f3dfcaa0
Event: 7.735 Thread 0x00000168dd90d380 DEOPT UNPACKING pc=0x00000168e8094242 sp=0x00000017f3dfbf20 mode 0
Event: 7.738 Thread 0x00000168dd90d380 DEOPT PACKING pc=0x00000168e0c8f788 sp=0x00000017f3dfcda0
Event: 7.738 Thread 0x00000168dd90d380 DEOPT UNPACKING pc=0x00000168e8094242 sp=0x00000017f3dfc220 mode 0

Classes loaded (20 events):
Event: 7.718 Loading class java/security/KeyStoreException
Event: 7.718 Loading class java/security/KeyStoreException done
Event: 7.783 Loading class java/util/LinkedList$Node
Event: 7.783 Loading class java/util/LinkedList$Node done
Event: 7.783 Loading class java/util/LinkedList$ListItr
Event: 7.784 Loading class java/util/LinkedList$ListItr done
Event: 7.786 Loading class java/lang/Thread$Builder$OfPlatform
Event: 7.786 Loading class java/lang/Thread$Builder
Event: 7.786 Loading class java/lang/Thread$Builder done
Event: 7.786 Loading class java/lang/Thread$Builder$OfPlatform done
Event: 7.786 Loading class java/lang/Thread$Builder$OfVirtual
Event: 7.786 Loading class java/lang/Thread$Builder$OfVirtual done
Event: 7.805 Loading class sun/nio/fs/WindowsChannelFactory
Event: 7.805 Loading class sun/nio/fs/WindowsChannelFactory done
Event: 7.805 Loading class sun/nio/fs/WindowsChannelFactory$1
Event: 7.805 Loading class sun/nio/fs/WindowsChannelFactory$1 done
Event: 7.805 Loading class sun/nio/fs/WindowsChannelFactory$Flags
Event: 7.805 Loading class sun/nio/fs/WindowsChannelFactory$Flags done
Event: 7.805 Loading class sun/nio/ch/FileChannelImpl$Closer
Event: 7.805 Loading class sun/nio/ch/FileChannelImpl$Closer done

Classes unloaded (0 events):
No events

Classes redefined (0 events):
No events

Internal exceptions (20 events):
Event: 0.758 Thread 0x00000168dd90d380 Exception <a 'java/lang/NoSuchMethodError'{0x00000000d6603970}: 'java.lang.Object java.lang.invoke.DirectMethodHandle$Holder.invokeInterface(java.lang.Object, java.lang.Object, int)'> (0x00000000d6603970) 
thrown [s\src\hotspot\share\interpreter\linkResolver.cpp, line 773]
Event: 0.891 Thread 0x00000168dd90d380 Exception <a 'java/lang/NoSuchMethodError'{0x00000000d6a68d78}: 'java.lang.ClassLoader java.lang.ClassLoader.getPlatformClassLoader(java.lang.Class)'> (0x00000000d6a68d78) 
thrown [s\src\hotspot\share\interpreter\linkResolver.cpp, line 773]
Event: 0.959 Thread 0x00000168dd90d380 Exception <a 'java/lang/ClassNotFoundException'{0x00000000d5588578}: sun/net/www/protocol/c/Handler> (0x00000000d5588578) 
thrown [s\src\hotspot\share\classfile\systemDictionary.cpp, line 312]
Event: 0.959 Thread 0x00000168dd90d380 Exception <a 'java/lang/ClassNotFoundException'{0x00000000d5589900}: sun/net/www/protocol/c/Handler> (0x00000000d5589900) 
thrown [s\src\hotspot\share\classfile\systemDictionary.cpp, line 312]
Event: 0.959 Thread 0x00000168dd90d380 Exception <a 'java/lang/ClassNotFoundException'{0x00000000d558aac0}: sun/net/www/protocol/c/Handler> (0x00000000d558aac0) 
thrown [s\src\hotspot\share\classfile\systemDictionary.cpp, line 312]
Event: 0.965 Thread 0x00000168dd90d380 Exception <a 'java/io/FileNotFoundException'{0x00000000d55b3358}> (0x00000000d55b3358) 
thrown [s\src\hotspot\share\prims\jni.cpp, line 520]
Event: 1.000 Thread 0x00000168dd90d380 Implicit null exception at 0x00000168e863b729 to 0x00000168e863bff0
Event: 1.000 Thread 0x00000168dd90d380 Implicit null exception at 0x00000168e8641f9a to 0x00000168e86421bc
Event: 1.001 Thread 0x00000168dd90d380 Exception <a 'java/lang/NoSuchMethodError'{0x00000000d56e33e0}: 'void java.lang.invoke.DirectMethodHandle$Holder.invokeStatic(java.lang.Object, java.lang.Object, java.lang.Object, java.lang.Object)'> (0x00000000d56e33e0) 
thrown [s\src\hotspot\share\interpreter\linkResolver.cpp, line 773]
Event: 1.002 Thread 0x00000168dd90d380 Implicit null exception at 0x00000168e8644a9a to 0x00000168e8644cbc
Event: 1.002 Thread 0x00000168dd90d380 Implicit null exception at 0x00000168e863e640 to 0x00000168e863e6c5
Event: 1.070 Thread 0x00000168dd90d380 Exception <a 'java/lang/NoSuchMethodError'{0x00000000d59bc878}: 'void java.lang.invoke.DirectMethodHandle$Holder.invokeSpecial(java.lang.Object, java.lang.Object, java.lang.Object)'> (0x00000000d59bc878) 
thrown [s\src\hotspot\share\interpreter\linkResolver.cpp, line 773]
Event: 7.551 Thread 0x00000168dd90d380 Exception <a 'java/lang/NoSuchMethodError'{0x00000000d63ace90}: 'int java.lang.invoke.DirectMethodHandle$Holder.invokeVirtual(java.lang.Object, java.lang.Object)'> (0x00000000d63ace90) 
thrown [s\src\hotspot\share\interpreter\linkResolver.cpp, line 773]
Event: 7.587 Thread 0x00000168dd90d380 Exception <a 'java/lang/NoSuchMethodError'{0x00000000d6522268}: 'int java.lang.invoke.DirectMethodHandle$Holder.invokeStaticInit(java.lang.Object, java.lang.Object, java.lang.Object, java.lang.Object)'> (0x00000000d6522268) 
thrown [s\src\hotspot\share\interpreter\linkResolver.cpp, line 773]
Event: 7.587 Thread 0x00000168dd90d380 Exception <a 'java/lang/IncompatibleClassChangeError'{0x00000000d652a960}: Found class java.lang.Object, but interface was expected> (0x00000000d652a960) 
thrown [s\src\hotspot\share\interpreter\linkResolver.cpp, line 840]
Event: 7.588 Thread 0x00000168dd90d380 Exception <a 'java/lang/NoSuchMethodError'{0x00000000d6530f30}: 'void java.lang.invoke.DirectMethodHandle$Holder.invokeStaticInit(java.lang.Object, java.lang.Object)'> (0x00000000d6530f30) 
thrown [s\src\hotspot\share\interpreter\linkResolver.cpp, line 773]
Event: 7.588 Thread 0x00000168dd90d380 Exception <a 'java/lang/NoSuchMethodError'{0x00000000d653a108}: 'int java.lang.invoke.DirectMethodHandle$Holder.invokeStaticInit(java.lang.Object, java.lang.Object)'> (0x00000000d653a108) 
thrown [s\src\hotspot\share\interpreter\linkResolver.cpp, line 773]
Event: 7.631 Thread 0x00000168dd90d380 Exception <a 'java/lang/NoSuchMethodError'{0x00000000d6782c18}: 'java.lang.Object java.lang.invoke.DirectMethodHandle$Holder.newInvokeSpecial(java.lang.Object, int, java.lang.Object)'> (0x00000000d6782c18) 
thrown [s\src\hotspot\share\interpreter\linkResolver.cpp, line 773]
Event: 7.670 Thread 0x00000168dd90d380 Exception <a 'java/lang/ClassNotFoundException'{0x00000000d699aa70}: sun/net/www/protocol/plurl/Handler> (0x00000000d699aa70) 
thrown [s\src\hotspot\share\classfile\systemDictionary.cpp, line 312]
Event: 7.670 Thread 0x00000168dd90d380 Exception <a 'java/lang/ClassNotFoundException'{0x00000000d699b8f0}: sun/net/www/protocol/plurl/Handler> (0x00000000d699b8f0) 
thrown [s\src\hotspot\share\classfile\systemDictionary.cpp, line 312]

ZGC Phase Switch (0 events):
No events

VM Operations (20 events):
Event: 1.963 Executing VM operation: Cleanup
Event: 2.106 Executing VM operation: Cleanup done
Event: 3.111 Executing VM operation: Cleanup
Event: 3.298 Executing VM operation: Cleanup done
Event: 4.300 Executing VM operation: Cleanup
Event: 4.300 Executing VM operation: Cleanup done
Event: 6.316 Executing VM operation: Cleanup
Event: 6.316 Executing VM operation: Cleanup done
Event: 7.318 Executing VM operation: Cleanup
Event: 7.318 Executing VM operation: Cleanup done
Event: 7.608 Executing VM operation: HandshakeAllThreads (Deoptimize)
Event: 7.608 Executing VM operation: HandshakeAllThreads (Deoptimize) done
Event: 7.619 Executing VM operation: HandshakeAllThreads (Deoptimize)
Event: 7.619 Executing VM operation: HandshakeAllThreads (Deoptimize) done
Event: 7.651 Executing VM operation: HandshakeAllThreads (Deoptimize)
Event: 7.651 Executing VM operation: HandshakeAllThreads (Deoptimize) done
Event: 7.665 Executing VM operation: HandshakeAllThreads (Deoptimize)
Event: 7.665 Executing VM operation: HandshakeAllThreads (Deoptimize) done
Event: 8.679 Executing VM operation: Cleanup
Event: 8.850 Executing VM operation: Cleanup done

Memory protections (0 events):
No events

Nmethod flushes (0 events):
No events

Events (18 events):
Event: 0.046 Thread 0x00000168dd90d380 Thread added: 0x00000168dd90d380
Event: 0.070 Thread 0x00000168dd90d380 Thread added: 0x00000168dd9c9530
Event: 0.070 Thread 0x00000168dd90d380 Thread added: 0x00000168dd9cc9b0
Event: 0.070 Thread 0x00000168dd90d380 Thread added: 0x00000168f43845b0
Event: 0.070 Thread 0x00000168dd90d380 Thread added: 0x00000168f4385200
Event: 0.071 Thread 0x00000168dd90d380 Thread added: 0x00000168f4389220
Event: 0.071 Thread 0x00000168dd90d380 Thread added: 0x00000168f438f760
Event: 0.071 Thread 0x00000168dd90d380 Thread added: 0x00000168f4397ff0
Event: 0.071 Thread 0x00000168dd90d380 Thread added: 0x00000168f439cd60
Event: 0.131 Thread 0x00000168f439cd60 Thread added: 0x00000168f439f640
Event: 0.151 Thread 0x00000168dd90d380 Thread added: 0x00000168fa1c09b0
Event: 0.388 Thread 0x00000168dd90d380 Thread added: 0x00000168fa321cc0
Event: 0.496 Thread 0x00000168f439cd60 Thread added: 0x00000168f439e1d0
Event: 1.031 Thread 0x00000168f439e1d0 Thread exited: 0x00000168f439e1d0
Event: 2.258 Thread 0x00000168f439cd60 Thread added: 0x00000168f439c690
Event: 6.417 Thread 0x00000168f439c690 Thread exited: 0x00000168f439c690
Event: 7.534 Thread 0x00000168f439cd60 Thread added: 0x00000168f439c690
Event: 7.596 Thread 0x00000168dd90d380 Thread added: 0x00000168fa6e6710


Dynamic libraries:
0x00007ff70c140000 - 0x00007ff70c14e000 	c:\Users\LaptopHL\.vscode\extensions\redhat.java-1.50.0-win32-x64\jre\21.0.9-win32-x86_64\bin\java.exe
0x00007ffe79e60000 - 0x00007ffe7a0c8000 	C:\WINDOWS\SYSTEM32\ntdll.dll
0x00007ffe79ce0000 - 0x00007ffe79da9000 	C:\WINDOWS\System32\KERNEL32.DLL
0x00007ffe77130000 - 0x00007ffe77528000 	C:\WINDOWS\System32\KERNELBASE.dll
0x00007ffe76fb0000 - 0x00007ffe770fb000 	C:\WINDOWS\System32\ucrtbase.dll
0x00007ffe68d10000 - 0x00007ffe68d28000 	c:\Users\LaptopHL\.vscode\extensions\redhat.java-1.50.0-win32-x64\jre\21.0.9-win32-x86_64\bin\jli.dll
0x00007ffe798f0000 - 0x00007ffe79ab7000 	C:\WINDOWS\System32\USER32.dll
0x00007ffe77100000 - 0x00007ffe77127000 	C:\WINDOWS\System32\win32u.dll
0x00007ffe790e0000 - 0x00007ffe7910b000 	C:\WINDOWS\System32\GDI32.dll
0x00007ffe77800000 - 0x00007ffe7792c000 	C:\WINDOWS\System32\gdi32full.dll
0x00007ffe77b50000 - 0x00007ffe77bf3000 	C:\WINDOWS\System32\msvcp_win.dll
0x00007ffe68e40000 - 0x00007ffe68e5e000 	c:\Users\LaptopHL\.vscode\extensions\redhat.java-1.50.0-win32-x64\jre\21.0.9-win32-x86_64\bin\VCRUNTIME140.dll
0x00007ffe5f6d0000 - 0x00007ffe5f964000 	C:\WINDOWS\WinSxS\amd64_microsoft.windows.common-controls_6595b64144ccf1df_6.0.26100.7019_none_3e06ffa0e335b8a8\COMCTL32.dll
0x00007ffe78ca0000 - 0x00007ffe78d49000 	C:\WINDOWS\System32\msvcrt.dll
0x00007ffe79c70000 - 0x00007ffe79ca1000 	C:\WINDOWS\System32\IMM32.DLL
0x00007ffe70230000 - 0x00007ffe7023c000 	c:\Users\LaptopHL\.vscode\extensions\redhat.java-1.50.0-win32-x64\jre\21.0.9-win32-x86_64\bin\vcruntime140_1.dll
0x00007ffe37b90000 - 0x00007ffe37c1d000 	c:\Users\LaptopHL\.vscode\extensions\redhat.java-1.50.0-win32-x64\jre\21.0.9-win32-x86_64\bin\msvcp140.dll
0x00007ffe0f9c0000 - 0x00007ffe10760000 	c:\Users\LaptopHL\.vscode\extensions\redhat.java-1.50.0-win32-x64\jre\21.0.9-win32-x86_64\bin\server\jvm.dll
0x00007ffe78b80000 - 0x00007ffe78c34000 	C:\WINDOWS\System32\ADVAPI32.dll
0x00007ffe79020000 - 0x00007ffe790c6000 	C:\WINDOWS\System32\sechost.dll
0x00007ffe789d0000 - 0x00007ffe78ae8000 	C:\WINDOWS\System32\RPCRT4.dll
0x00007ffe78af0000 - 0x00007ffe78b64000 	C:\WINDOWS\System32\WS2_32.dll
0x00007ffe76e10000 - 0x00007ffe76e6e000 	C:\WINDOWS\SYSTEM32\POWRPROF.dll
0x00007ffe60460000 - 0x00007ffe60495000 	C:\WINDOWS\SYSTEM32\WINMM.dll
0x00007ffe69cc0000 - 0x00007ffe69ccb000 	C:\WINDOWS\SYSTEM32\VERSION.dll
0x00007ffe76df0000 - 0x00007ffe76e04000 	C:\WINDOWS\SYSTEM32\UMPDC.dll
0x00007ffe75d30000 - 0x00007ffe75d4b000 	C:\WINDOWS\SYSTEM32\kernel.appcore.dll
0x00007ffe688e0000 - 0x00007ffe688ea000 	c:\Users\LaptopHL\.vscode\extensions\redhat.java-1.50.0-win32-x64\jre\21.0.9-win32-x86_64\bin\jimage.dll
0x00007ffe74700000 - 0x00007ffe74942000 	C:\WINDOWS\SYSTEM32\DBGHELP.DLL
0x00007ffe791d0000 - 0x00007ffe7955b000 	C:\WINDOWS\System32\combase.dll
0x00007ffe78f40000 - 0x00007ffe79017000 	C:\WINDOWS\System32\OLEAUT32.dll
0x00007ffe60120000 - 0x00007ffe6015c000 	C:\WINDOWS\SYSTEM32\dbgcore.DLL
0x00007ffe77930000 - 0x00007ffe779d5000 	C:\WINDOWS\System32\bcryptPrimitives.dll
0x00007ffe68620000 - 0x00007ffe6862f000 	c:\Users\LaptopHL\.vscode\extensions\redhat.java-1.50.0-win32-x64\jre\21.0.9-win32-x86_64\bin\instrument.dll
0x00007ffe68380000 - 0x00007ffe683a0000 	c:\Users\LaptopHL\.vscode\extensions\redhat.java-1.50.0-win32-x64\jre\21.0.9-win32-x86_64\bin\java.dll
0x00007ffe77d00000 - 0x00007ffe7844f000 	C:\WINDOWS\System32\SHELL32.dll
0x00007ffe779e0000 - 0x00007ffe77b4b000 	C:\WINDOWS\System32\wintypes.dll
0x00007ffe74b90000 - 0x00007ffe753ed000 	C:\WINDOWS\SYSTEM32\windows.storage.dll
0x00007ffe77c00000 - 0x00007ffe77cf2000 	C:\WINDOWS\System32\SHCORE.dll
0x00007ffe79db0000 - 0x00007ffe79e17000 	C:\WINDOWS\System32\shlwapi.dll
0x00007ffe76ed0000 - 0x00007ffe76ef9000 	C:\WINDOWS\SYSTEM32\profapi.dll
0x00007ffe5f510000 - 0x00007ffe5f528000 	c:\Users\LaptopHL\.vscode\extensions\redhat.java-1.50.0-win32-x64\jre\21.0.9-win32-x86_64\bin\zip.dll
0x00007ffe685c0000 - 0x00007ffe685d0000 	C:\Users\LaptopHL\.vscode\extensions\redhat.java-1.50.0-win32-x64\jre\21.0.9-win32-x86_64\bin\net.dll
0x00007ffe70310000 - 0x00007ffe70438000 	C:\WINDOWS\SYSTEM32\WINHTTP.dll
0x00007ffe76280000 - 0x00007ffe762eb000 	C:\WINDOWS\system32\mswsock.dll
0x00007ffe59f80000 - 0x00007ffe59f96000 	C:\Users\LaptopHL\.vscode\extensions\redhat.java-1.50.0-win32-x64\jre\21.0.9-win32-x86_64\bin\nio.dll
0x00007ffe68370000 - 0x00007ffe68380000 	c:\Users\LaptopHL\.vscode\extensions\redhat.java-1.50.0-win32-x64\jre\21.0.9-win32-x86_64\bin\verify.dll

JVMTI agents:
c:\Users\LaptopHL\.vscode\extensions\redhat.java-1.50.0-win32-x64\lombok\lombok-1.18.39-4050.jar path:c:\Users\LaptopHL\.vscode\extensions\redhat.java-1.50.0-win32-x64\jre\21.0.9-win32-x86_64\bin\instrument.dll, loaded, initialized, instrumentlib options:none

dbghelp: loaded successfully - version: 4.0.5 - missing functions: none
symbol engine: initialized successfully - sym options: 0x614 - pdb path: .;c:\Users\LaptopHL\.vscode\extensions\redhat.java-1.50.0-win32-x64\jre\21.0.9-win32-x86_64\bin;C:\WINDOWS\SYSTEM32;C:\WINDOWS\WinSxS\amd64_microsoft.windows.common-controls_6595b64144ccf1df_6.0.26100.7019_none_3e06ffa0e335b8a8;c:\Users\LaptopHL\.vscode\extensions\redhat.java-1.50.0-win32-x64\jre\21.0.9-win32-x86_64\bin\server;C:\Users\LaptopHL\AppData\Roaming\Code\User\globalStorage\redhat.java\1.50.0\config_win\org.eclipse.equinox.launcher\org.eclipse.equinox.launcher.win32.win32.x86_64_1.2.1400.v20250801-0854

VM Arguments:
jvm_args: --add-modules=ALL-SYSTEM --add-opens=java.base/java.util=ALL-UNNAMED --add-opens=java.base/java.lang=ALL-UNNAMED --add-opens=java.base/sun.nio.fs=ALL-UNNAMED -Declipse.application=org.eclipse.jdt.ls.core.id1 -Dosgi.bundles.defaultStartLevel=4 -Declipse.product=org.eclipse.jdt.ls.core.product -Djava.import.generatesMetadataFilesAtProjectRoot=false -DDetectVMInstallationsJob.disabled=true -Dfile.encoding=utf8 -XX:+UseParallelGC -XX:GCTimeRatio=4 -XX:AdaptiveSizePolicyWeight=90 -Dsun.zip.disableMemoryMapping=true -Xmx2G -Xms100m -Xlog:disable -javaagent:c:\Users\LaptopHL\.vscode\extensions\redhat.java-1.50.0-win32-x64\lombok\lombok-1.18.39-4050.jar -XX:+HeapDumpOnOutOfMemoryError -XX:HeapDumpPath=c:\Users\LaptopHL\AppData\Roaming\Code\User\workspaceStorage\9d5b18b860a84b270e7aae7698a56e88\redhat.java -Daether.dependencyCollector.impl=bf 
java_command: c:\Users\LaptopHL\.vscode\extensions\redhat.java-1.50.0-win32-x64\server\plugins\org.eclipse.equinox.launcher_1.7.100.v20251111-0406.jar -configuration c:\Users\LaptopHL\AppData\Roaming\Code\User\globalStorage\redhat.java\1.50.0\config_win -data c:\Users\LaptopHL\AppData\Roaming\Code\User\workspaceStorage\9d5b18b860a84b270e7aae7698a56e88\redhat.java\jdt_ws --pipe=\\.\pipe\lsp-510f64bd657ca4e12588397ca9d64469-sock
java_class_path (initial): c:\Users\LaptopHL\.vscode\extensions\redhat.java-1.50.0-win32-x64\server\plugins\org.eclipse.equinox.launcher_1.7.100.v20251111-0406.jar
Launcher Type: SUN_STANDARD

[Global flags]
    uintx AdaptiveSizePolicyWeight                 = 90                                        {product} {command line}
     intx CICompilerCount                          = 4                                         {product} {ergonomic}
    uintx GCTimeRatio                              = 4                                         {product} {command line}
     bool HeapDumpOnOutOfMemoryError               = true                                   {manageable} {command line}
    ccstr HeapDumpPath                             = c:\Users\LaptopHL\AppData\Roaming\Code\User\workspaceStorage\9d5b18b860a84b270e7aae7698a56e88\redhat.java         {manageable} {command line}
   size_t InitialHeapSize                          = 104857600                                 {product} {command line}
   size_t MaxHeapSize                              = 2147483648                                {product} {command line}
   size_t MaxNewSize                               = 715653120                                 {product} {ergonomic}
   size_t MinHeapDeltaBytes                        = 524288                                    {product} {ergonomic}
   size_t MinHeapSize                              = 104857600                                 {product} {command line}
   size_t NewSize                                  = 34603008                                  {product} {ergonomic}
    uintx NonNMethodCodeHeapSize                   = 5839372                                {pd product} {ergonomic}
    uintx NonProfiledCodeHeapSize                  = 122909434                              {pd product} {ergonomic}
   size_t OldSize                                  = 70254592                                  {product} {ergonomic}
    uintx ProfiledCodeHeapSize                     = 122909434                              {pd product} {ergonomic}
    uintx ReservedCodeCacheSize                    = 251658240                              {pd product} {ergonomic}
     bool SegmentedCodeCache                       = true                                      {product} {ergonomic}
   size_t SoftMaxHeapSize                          = 2147483648                             {manageable} {ergonomic}
     bool UseCompressedOops                        = true                           {product lp64_product} {ergonomic}
     bool UseLargePagesIndividualAllocation        = false                                  {pd product} {ergonomic}
     bool UseParallelGC                            = true                                      {product} {command line}

Logging:
Log output configuration:
 #0: stdout all=off uptime,level,tags foldmultilines=false
 #1: stderr all=off uptime,level,tags foldmultilines=false

Release file:
JAVA_VERSION="21.0.9" 
MODULES="java.base java.compiler java.datatransfer java.xml java.prefs java.desktop java.instrument java.logging java.management java.security.sasl java.naming java.rmi java.management.rmi java.net.http java.scripting java.security.jgss java.transaction.xa java.sql java.sql.rowset java.xml.crypto java.se java.smartcardio jdk.accessibility jdk.internal.jvmstat jdk.attach jdk.charsets jdk.internal.opt jdk.zipfs jdk.compiler jdk.crypto.ec jdk.crypto.cryptoki jdk.crypto.mscapi jdk.dynalink jdk.internal.ed jdk.editpad jdk.hotspot.agent jdk.httpserver jdk.internal.le jdk.internal.vm.ci jdk.internal.vm.compiler jdk.internal.vm.compiler.management jdk.jartool jdk.javadoc jdk.jcmd jdk.management jdk.management.agent jdk.jconsole jdk.jdeps jdk.jdwp.agent jdk.jdi jdk.jfr jdk.jshell jdk.jsobject jdk.jstatd jdk.localedata jdk.management.jfr jdk.naming.dns jdk.naming.rmi jdk.net jdk.nio.mapmode jdk.random jdk.sctp jdk.security.auth jdk.security.jgss jdk.unsupported jdk.unsupported.desktop jdk.xml.dom" 

Environment Variables:
JAVA_HOME=C:\Program Files\Microsoft\jdk-17.0.17.10-hotspot\
PATH=C:\Program Files\Microsoft\jdk-17.0.17.10-hotspot\bin;C:\WINDOWS\system32;C:\WINDOWS;C:\WINDOWS\System32\Wbem;C:\WINDOWS\System32\WindowsPowerShell\v1.0\;C:\WINDOWS\System32\OpenSSH\;C:\Program Files\Git\cmd;C:\Program Files\nodejs\;C:\ProgramData\chocolatey\bin;C:\Program Files\gettext\bin;;C:\Program Files\Docker\Docker\resources\bin;C:\Program Files\Microsoft VS Code\bin;C:\Program Files\GitHub CLI\;C:\Users\LaptopHL\AppData\Local\pnpm;C:\Users\LaptopHL\AppData\Local\Programs\Python\Python311\Scripts\;C:\Users\LaptopHL\AppData\Local\Programs\Python\Python311\;C:\Users\LaptopHL\AppData\Local\Programs\Python\Python313\Scripts\;C:\Users\LaptopHL\AppData\Local\Programs\Python\Python313\;C:\Users\LaptopHL\AppData\Local\Programs\Python\Launcher\;C:\Users\LaptopHL\AppData\Local\Microsoft\WindowsApps;C:\Users\LaptopHL\AppData\Roaming\npm;C:\Program Files\PostgreSQL\17\bin;
USERNAME=LaptopHL
OS=Windows_NT
PROCESSOR_IDENTIFIER=Intel64 Family 6 Model 142 Stepping 12, GenuineIntel
TMP=C:\Users\LaptopHL\AppData\Local\Temp
TEMP=C:\Users\LaptopHL\AppData\Local\Temp




Periodic native trim disabled

---------------  S Y S T E M  ---------------

OS:
 Windows 11 , 64 bit Build 26100 (10.0.26100.7019)
OS uptime: 16 days 0:51 hours
Hyper-V role detected

CPU: total 8 (initial active 8) (4 cores per cpu, 2 threads per core) family 6 model 142 stepping 12 microcode 0x100, cx8, cmov, fxsr, ht, mmx, 3dnowpref, sse, sse2, sse3, ssse3, sse4.1, sse4.2, popcnt, lzcnt, tsc, tscinvbit, avx, avx2, aes, erms, clmul, bmi1, bmi2, adx, fma, vzeroupper, clflush, clflushopt, hv, rdtscp, f16c
Processor Information for processor 0
  Max Mhz: 2208, Current Mhz: 1505, Mhz Limit: 1700
Processor Information for processor 1
  Max Mhz: 2208, Current Mhz: 1706, Mhz Limit: 1700
Processor Information for processor 2
  Max Mhz: 2208, Current Mhz: 1505, Mhz Limit: 1700
Processor Information for processor 3
  Max Mhz: 2208, Current Mhz: 1505, Mhz Limit: 1700
Processor Information for processor 4
  Max Mhz: 2208, Current Mhz: 1505, Mhz Limit: 1700
Processor Information for processor 5
  Max Mhz: 2208, Current Mhz: 1505, Mhz Limit: 1700
Processor Information for processor 6
  Max Mhz: 2208, Current Mhz: 1706, Mhz Limit: 1700
Processor Information for processor 7
  Max Mhz: 2208, Current Mhz: 1505, Mhz Limit: 1700

Memory: 4k page, system-wide physical 7910M (810M free)
TotalPageFile size 16102M (AvailPageFile size 1M)
current process WorkingSet (physical memory assigned to process): 91M, peak: 91M
current process commit charge ("private bytes"): 241M, peak: 242M

vm_info: OpenJDK 64-Bit Server VM (21.0.9+10-LTS) for windows-amd64 JRE (21.0.9+10-LTS), built on 2025-10-21T00:00:00Z by "admin" with unknown MS VC++:1942

END.
