#
# There is insufficient memory for the Java Runtime Environment to continue.
# Native memory allocation (malloc) failed to allocate 131136 bytes. Error detail: Chunk::new
# Possible reasons:
#   The system is out of physical RAM or swap space
#   This process is running with CompressedOops enabled, and the Java Heap may be blocking the growth of the native heap
# Possible solutions:
#   Reduce memory load on the system
#   Increase physical memory or swap space
#   Check if swap backing store is full
#   Decrease Java heap size (-Xmx/-Xms)
#   Decrease number of Java threads
#   Decrease Java thread stack sizes (-Xss)
#   Set larger code cache with -XX:ReservedCodeCacheSize=
#   JVM is running with Unscaled Compressed Oops mode in which the Java heap is
#     placed in the first 4GB address space. The Java Heap base address is the
#     maximum limit for the native heap growth. Please use -XX:HeapBaseMinAddress
#     to set the Java Heap base and to place the Java Heap above 4GB virtual address.
# This output file may be truncated or incomplete.
#
#  Out of Memory Error (arena.cpp:168), pid=8836, tid=22516
#
# JRE version: OpenJDK Runtime Environment Temurin-21.0.9+10 (21.0.9+10) (build 21.0.9+10-LTS)
# Java VM: OpenJDK 64-Bit Server VM Temurin-21.0.9+10 (21.0.9+10-LTS, mixed mode, sharing, tiered, compressed oops, compressed class ptrs, parallel gc, windows-amd64)
# No core dump will be written. Minidumps are not enabled by default on client versions of Windows
#

---------------  S U M M A R Y ------------

Command Line: --add-modules=ALL-SYSTEM --add-opens=java.base/java.util=ALL-UNNAMED --add-opens=java.base/java.lang=ALL-UNNAMED --add-opens=java.base/sun.nio.fs=ALL-UNNAMED -Declipse.application=org.eclipse.jdt.ls.core.id1 -Dosgi.bundles.defaultStartLevel=4 -Declipse.product=org.eclipse.jdt.ls.core.product -Djava.import.generatesMetadataFilesAtProjectRoot=false -DDetectVMInstallationsJob.disabled=true -Dfile.encoding=utf8 -XX:+UseParallelGC -XX:GCTimeRatio=4 -XX:AdaptiveSizePolicyWeight=90 -Dsun.zip.disableMemoryMapping=true -Xmx2G -Xms100m -Xlog:disable -javaagent:c:\Users\LaptopHL\.vscode\extensions\redhat.java-1.50.0-win32-x64\lombok\lombok-1.18.39-4050.jar c:\Users\LaptopHL\.vscode\extensions\redhat.java-1.50.0-win32-x64\server\plugins\org.eclipse.equinox.launcher_1.7.100.v20251111-0406.jar -configuration c:\Users\LaptopHL\AppData\Roaming\Code\User\globalStorage\redhat.java\1.50.0\config_ss_win -data c:\Users\LaptopHL\AppData\Roaming\Code\User\workspaceStorage\9d5b18b860a84b270e7aae7698a56e88\redhat.java\ss_ws --pipe=\\.\pipe\lsp-30dabd04a1548478c485d0f47ca0f853-sock

Host: Intel(R) Core(TM) i5-10310U CPU @ 1.70GHz, 8 cores, 7G,  Windows 11 , 64 bit Build 26100 (10.0.26100.7019)
Time: Fri Jan  2 19:44:40 2026 SE Asia Standard Time elapsed time: 15.484427 seconds (0d 0h 0m 15s)

---------------  T H R E A D  ---------------

Current thread (0x000001d0d189a2a0):  JavaThread "C2 CompilerThread0" daemon [_thread_in_native, id=22516, stack(0x000000477a400000,0x000000477a500000) (1024K)]


Current CompileTask:
C2:15484 1894       4       java.lang.StringLatin1::toLowerCase (186 bytes)

Stack: [0x000000477a400000,0x000000477a500000]
Native frames: (J=compiled Java code, j=interpreted, Vv=VM code, C=native code)
V  [jvm.dll+0x6d6e29]
V  [jvm.dll+0x8b4b76]
V  [jvm.dll+0x8b712e]
V  [jvm.dll+0x8b7813]
V  [jvm.dll+0x283d86]
V  [jvm.dll+0xc66ed]
V  [jvm.dll+0xc6c31]
V  [jvm.dll+0x2facee]
V  [jvm.dll+0x5fde44]
V  [jvm.dll+0x255557]
V  [jvm.dll+0x25591d]
V  [jvm.dll+0x24df40]
V  [jvm.dll+0x24b482]
V  [jvm.dll+0x1cb13e]
V  [jvm.dll+0x25b29d]
V  [jvm.dll+0x25982a]
V  [jvm.dll+0x3f7ea6]
V  [jvm.dll+0x85e9ad]
V  [jvm.dll+0x6d565d]
C  [ucrtbase.dll+0x37b0]
C  [KERNEL32.DLL+0x2e8d7]
C  [ntdll.dll+0x8c53c]


---------------  P R O C E S S  ---------------

Threads class SMR info:
_java_thread_list=0x000001d11480f040, length=16, elements={
0x000001d0badebef0, 0x000001d0d185c090, 0x000001d0d185f510, 0x000001d0d1861cb0,
0x000001d0d1862cb0, 0x000001d0d1866ea0, 0x000001d0d186e220, 0x000001d0d189a2a0,
0x000001d0d189cb90, 0x000001d11442fd30, 0x000001d11460f9a0, 0x000001d114c5e0b0,
0x000001d114ba6bb0, 0x000001d114c1ea20, 0x000001d1147ce320, 0x000001d114ccf010
}

Java Threads: ( => current thread )
  0x000001d0badebef0 JavaThread "main"                              [_thread_blocked, id=22384, stack(0x0000004779a00000,0x0000004779b00000) (1024K)]
  0x000001d0d185c090 JavaThread "Reference Handler"          daemon [_thread_blocked, id=17872, stack(0x0000004779e00000,0x0000004779f00000) (1024K)]
  0x000001d0d185f510 JavaThread "Finalizer"                  daemon [_thread_blocked, id=7800, stack(0x0000004779f00000,0x000000477a000000) (1024K)]
  0x000001d0d1861cb0 JavaThread "Signal Dispatcher"          daemon [_thread_blocked, id=9428, stack(0x000000477a000000,0x000000477a100000) (1024K)]
  0x000001d0d1862cb0 JavaThread "Attach Listener"            daemon [_thread_blocked, id=11428, stack(0x000000477a100000,0x000000477a200000) (1024K)]
  0x000001d0d1866ea0 JavaThread "Service Thread"             daemon [_thread_blocked, id=15168, stack(0x000000477a200000,0x000000477a300000) (1024K)]
  0x000001d0d186e220 JavaThread "Monitor Deflation Thread"   daemon [_thread_blocked, id=4132, stack(0x000000477a300000,0x000000477a400000) (1024K)]
=>0x000001d0d189a2a0 JavaThread "C2 CompilerThread0"         daemon [_thread_in_native, id=22516, stack(0x000000477a400000,0x000000477a500000) (1024K)]
  0x000001d0d189cb90 JavaThread "C1 CompilerThread0"         daemon [_thread_blocked, id=7356, stack(0x000000477a500000,0x000000477a600000) (1024K)]
  0x000001d11442fd30 JavaThread "Common-Cleaner"             daemon [_thread_blocked, id=15408, stack(0x000000477a700000,0x000000477a800000) (1024K)]
  0x000001d11460f9a0 JavaThread "Notification Thread"        daemon [_thread_blocked, id=13568, stack(0x000000477a800000,0x000000477a900000) (1024K)]
  0x000001d114c5e0b0 JavaThread "Active Thread: Equinox Container: 6a27d24a-c00e-4d7a-a312-c28360e6252d"        [_thread_blocked, id=13832, stack(0x000000477af00000,0x000000477b000000) (1024K)]
  0x000001d114ba6bb0 JavaThread "Framework Event Dispatcher: Equinox Container: 6a27d24a-c00e-4d7a-a312-c28360e6252d" daemon [_thread_blocked, id=11988, stack(0x000000477b000000,0x000000477b100000) (1024K)]
  0x000001d114c1ea20 JavaThread "Start Level: Equinox Container: 6a27d24a-c00e-4d7a-a312-c28360e6252d" daemon [_thread_in_native, id=21656, stack(0x000000477b100000,0x000000477b200000) (1024K)]
  0x000001d1147ce320 JavaThread "SCR Component Actor"        daemon [_thread_blocked, id=23032, stack(0x000000477a600000,0x000000477a700000) (1024K)]
  0x000001d114ccf010 JavaThread "C2 CompilerThread1"         daemon [_thread_in_native, id=16664, stack(0x000000477b300000,0x000000477b400000) (1024K)]
Total: 16

Other Threads:
  0x000001d0d183fd20 VMThread "VM Thread"                           [id=10416, stack(0x0000004779d00000,0x0000004779e00000) (1024K)]
  0x000001d0bae58320 WatcherThread "VM Periodic Task Thread"        [id=17784, stack(0x0000004779c00000,0x0000004779d00000) (1024K)]
  0x000001d0bae0a210 WorkerThread "GC Thread#0"                     [id=14384, stack(0x0000004779b00000,0x0000004779c00000) (1024K)]
  0x000001d11472aa60 WorkerThread "GC Thread#1"                     [id=4644, stack(0x000000477a900000,0x000000477aa00000) (1024K)]
  0x000001d119057220 WorkerThread "GC Thread#2"                     [id=13764, stack(0x000000477aa00000,0x000000477ab00000) (1024K)]
  0x000001d1190575c0 WorkerThread "GC Thread#3"                     [id=17156, stack(0x000000477ab00000,0x000000477ac00000) (1024K)]
  0x000001d119057960 WorkerThread "GC Thread#4"                     [id=12964, stack(0x000000477ac00000,0x000000477ad00000) (1024K)]
  0x000001d11486f450 WorkerThread "GC Thread#5"                     [id=8732, stack(0x000000477ad00000,0x000000477ae00000) (1024K)]
  0x000001d11486f7f0 WorkerThread "GC Thread#6"                     [id=2084, stack(0x000000477ae00000,0x000000477af00000) (1024K)]
  0x000001d114b03a00 WorkerThread "GC Thread#7"                     [id=22440, stack(0x000000477b200000,0x000000477b300000) (1024K)]
Total: 10

Threads with active compile tasks:
C2 CompilerThread0  15516 1894       4       java.lang.StringLatin1::toLowerCase (186 bytes)
C2 CompilerThread1  15516 1910       4       java.io.DataInputStream::readFully (59 bytes)
Total: 2

VM state: not at safepoint (normal execution)

VM Mutex/Monitor currently owned by a thread: None

Heap address: 0x0000000080000000, size: 2048 MB, Compressed Oops mode: 32-bit

CDS archive(s) mapped at: [0x000001d0d2000000-0x000001d0d2ba0000-0x000001d0d2ba0000), size 12189696, SharedBaseAddress: 0x000001d0d2000000, ArchiveRelocationMode: 1.
Compressed class space mapped at: 0x000001d0d3000000-0x000001d113000000, reserved size: 1073741824
Narrow klass base: 0x000001d0d2000000, Narrow klass shift: 0, Narrow klass range: 0x100000000

GC Precious Log:
 CardTable entry size: 512
 CPUs: 8 total, 8 available
 Memory: 7910M
 Large Page Support: Disabled
 NUMA Support: Disabled
 Compressed Oops: Enabled (32-bit)
 Alignments: Space 512K, Generation 512K, Heap 2M
 Heap Min Capacity: 100M
 Heap Initial Capacity: 100M
 Heap Max Capacity: 2G
 Pre-touch: Disabled
 Parallel Workers: 8

Heap:
 PSYoungGen      total 29696K, used 17227K [0x00000000d5580000, 0x00000000d7680000, 0x0000000100000000)
  eden space 25600K, 51% used [0x00000000d5580000,0x00000000d6257c50,0x00000000d6e80000)
  from space 4096K, 99% used [0x00000000d7280000,0x00000000d767aff8,0x00000000d7680000)
  to   space 4096K, 0% used [0x00000000d6e80000,0x00000000d6e80000,0x00000000d7280000)
 ParOldGen       total 68608K, used 901K [0x0000000080000000, 0x0000000084300000, 0x00000000d5580000)
  object space 68608K, 1% used [0x0000000080000000,0x00000000800e1698,0x0000000084300000)
 Metaspace       used 10827K, committed 11200K, reserved 1114112K
  class space    used 1171K, committed 1344K, reserved 1048576K

Card table byte_map: [0x000001d0ba7c0000,0x000001d0babd0000] _byte_map_base: 0x000001d0ba3c0000

Marking Bits: (ParMarkBitMap*) 0x00007ffe1f082460
 Begin Bits: [0x000001d0cd2a0000, 0x000001d0cf2a0000)
 End Bits:   [0x000001d0cf2a0000, 0x000001d0d12a0000)

Polling page: 0x000001d0ba5b0000

Metaspace:

Usage:
  Non-class:      9.43 MB used.
      Class:      1.14 MB used.
       Both:     10.57 MB used.

Virtual space:
  Non-class space:       64.00 MB reserved,       9.62 MB ( 15%) committed,  1 nodes.
      Class space:        1.00 GB reserved,       1.31 MB ( <1%) committed,  1 nodes.
             Both:        1.06 GB reserved,      10.94 MB (  1%) committed. 

Chunk freelists:
   Non-Class:  5.92 MB
       Class:  14.67 MB
        Both:  20.59 MB

MaxMetaspaceSize: unlimited
CompressedClassSpaceSize: 1.00 GB
Initial GC threshold: 21.00 MB
Current GC threshold: 21.00 MB
CDS: on
 - commit_granule_bytes: 65536.
 - commit_granule_words: 8192.
 - virtual_space_node_default_size: 8388608.
 - enlarge_chunks_in_place: 1.
 - use_allocation_guard: 0.


Internal statistics:

num_allocs_failed_limit: 0.
num_arena_births: 252.
num_arena_deaths: 0.
num_vsnodes_births: 2.
num_vsnodes_deaths: 0.
num_space_committed: 175.
num_space_uncommitted: 0.
num_chunks_returned_to_freelist: 0.
num_chunks_taken_from_freelist: 559.
num_chunk_merges: 0.
num_chunk_splits: 359.
num_chunks_enlarged: 244.
num_inconsistent_stats: 0.

CodeHeap 'non-profiled nmethods': size=120000Kb used=764Kb max_used=764Kb free=119235Kb
 bounds [0x000001d0c5ac0000, 0x000001d0c5d30000, 0x000001d0ccff0000]
CodeHeap 'profiled nmethods': size=120000Kb used=3531Kb max_used=3531Kb free=116468Kb
 bounds [0x000001d0bdff0000, 0x000001d0be370000, 0x000001d0c5520000]
CodeHeap 'non-nmethods': size=5760Kb used=1224Kb max_used=1249Kb free=4535Kb
 bounds [0x000001d0c5520000, 0x000001d0c5790000, 0x000001d0c5ac0000]
CodeCache: size=245760Kb, used=5519Kb, max_used=5544Kb, free=240238Kb
 total_blobs=2411, nmethods=1919, adapters=399, full_count=0
Compilation: enabled, stopped_count=0, restarted_count=0

Compilation events (20 events):
Event: 13.417 Thread 0x000001d0d189a2a0 nmethod 1892 0x000001d0c5b7df90 code [0x000001d0c5b7e120, 0x000001d0c5b7e1f0]
Event: 13.421 Thread 0x000001d0d189cb90 1893       3       java.io.WinNTFileSystem::normalize (143 bytes)
Event: 13.422 Thread 0x000001d0d189a2a0 1894       4       java.lang.StringLatin1::toLowerCase (186 bytes)
Event: 13.422 Thread 0x000001d0d189cb90 nmethod 1893 0x000001d0be343d90 code [0x000001d0be344020, 0x000001d0be344a80]
Event: 13.423 Thread 0x000001d0d189cb90 1895       3       java.lang.String::<init> (10 bytes)
Event: 13.423 Thread 0x000001d0d189cb90 nmethod 1895 0x000001d0be344e90 code [0x000001d0be345040, 0x000001d0be345190]
Event: 13.425 Thread 0x000001d0d189cb90 1896       3       java.io.DataInputStream::readLong (20 bytes)
Event: 13.426 Thread 0x000001d0d189cb90 nmethod 1896 0x000001d0be345290 code [0x000001d0be3454a0, 0x000001d0be345ab0]
Event: 13.426 Thread 0x000001d0d189cb90 1897       3       jdk.internal.util.ByteArray::getLong (9 bytes)
Event: 13.426 Thread 0x000001d0d189cb90 nmethod 1897 0x000001d0be345d90 code [0x000001d0be345f80, 0x000001d0be3464b0]
Event: 13.426 Thread 0x000001d0d189cb90 1898       3       java.lang.invoke.VarHandleGuards::guard_LI_J (78 bytes)
Event: 13.428 Thread 0x000001d0d189cb90 nmethod 1898 0x000001d0be346710 code [0x000001d0be346a40, 0x000001d0be348210]
Event: 13.428 Thread 0x000001d0d189cb90 1899       3       java.lang.invoke.VarHandleByteArrayAsLongs$ArrayHandle::get (36 bytes)
Event: 13.428 Thread 0x000001d0d189cb90 nmethod 1899 0x000001d0be348910 code [0x000001d0be348ae0, 0x000001d0be348eb8]
Event: 13.428 Thread 0x000001d0d189cb90 1900       3       java.lang.invoke.VarHandleByteArrayAsLongs$ArrayHandle::index (13 bytes)
Event: 13.428 Thread 0x000001d0d189cb90 nmethod 1900 0x000001d0be349090 code [0x000001d0be349240, 0x000001d0be349388]
Event: 13.875 Thread 0x000001d0d189cb90 1905       3       java.util.concurrent.Semaphore$NonfairSync::tryAcquireShared (6 bytes)
Event: 13.875 Thread 0x000001d0d189cb90 nmethod 1905 0x000001d0be349490 code [0x000001d0be349640, 0x000001d0be349778]
Event: 13.875 Thread 0x000001d0d189cb90 1906       3       java.util.concurrent.Semaphore$Sync::nonfairTryAcquireShared (27 bytes)
Event: 13.876 Thread 0x000001d0d189cb90 nmethod 1906 0x000001d0be349810 code [0x000001d0be3499c0, 0x000001d0be349c10]

GC Heap History (4 events):
Event: 9.625 GC heap before
{Heap before GC invocations=1 (full 0):
 PSYoungGen      total 29696K, used 25600K [0x00000000d5580000, 0x00000000d7680000, 0x0000000100000000)
  eden space 25600K, 100% used [0x00000000d5580000,0x00000000d6e80000,0x00000000d6e80000)
  from space 4096K, 0% used [0x00000000d7280000,0x00000000d7280000,0x00000000d7680000)
  to   space 4096K, 0% used [0x00000000d6e80000,0x00000000d6e80000,0x00000000d7280000)
 ParOldGen       total 68608K, used 0K [0x0000000080000000, 0x0000000084300000, 0x00000000d5580000)
  object space 68608K, 0% used [0x0000000080000000,0x0000000080000000,0x0000000084300000)
 Metaspace       used 4334K, committed 4544K, reserved 1114112K
  class space    used 473K, committed 576K, reserved 1048576K
}
Event: 9.636 GC heap after
{Heap after GC invocations=1 (full 0):
 PSYoungGen      total 29696K, used 3287K [0x00000000d5580000, 0x00000000d7680000, 0x0000000100000000)
  eden space 25600K, 0% used [0x00000000d5580000,0x00000000d5580000,0x00000000d6e80000)
  from space 4096K, 80% used [0x00000000d6e80000,0x00000000d71b5e88,0x00000000d7280000)
  to   space 4096K, 0% used [0x00000000d7280000,0x00000000d7280000,0x00000000d7680000)
 ParOldGen       total 68608K, used 16K [0x0000000080000000, 0x0000000084300000, 0x00000000d5580000)
  object space 68608K, 0% used [0x0000000080000000,0x0000000080004000,0x0000000084300000)
 Metaspace       used 4334K, committed 4544K, reserved 1114112K
  class space    used 473K, committed 576K, reserved 1048576K
}
Event: 11.940 GC heap before
{Heap before GC invocations=2 (full 0):
 PSYoungGen      total 29696K, used 28887K [0x00000000d5580000, 0x00000000d7680000, 0x0000000100000000)
  eden space 25600K, 100% used [0x00000000d5580000,0x00000000d6e80000,0x00000000d6e80000)
  from space 4096K, 80% used [0x00000000d6e80000,0x00000000d71b5e88,0x00000000d7280000)
  to   space 4096K, 0% used [0x00000000d7280000,0x00000000d7280000,0x00000000d7680000)
 ParOldGen       total 68608K, used 16K [0x0000000080000000, 0x0000000084300000, 0x00000000d5580000)
  object space 68608K, 0% used [0x0000000080000000,0x0000000080004000,0x0000000084300000)
 Metaspace       used 8153K, committed 8448K, reserved 1114112K
  class space    used 872K, committed 1024K, reserved 1048576K
}
Event: 11.950 GC heap after
{Heap after GC invocations=2 (full 0):
 PSYoungGen      total 29696K, used 4075K [0x00000000d5580000, 0x00000000d7680000, 0x0000000100000000)
  eden space 25600K, 0% used [0x00000000d5580000,0x00000000d5580000,0x00000000d6e80000)
  from space 4096K, 99% used [0x00000000d7280000,0x00000000d767aff8,0x00000000d7680000)
  to   space 4096K, 0% used [0x00000000d6e80000,0x00000000d6e80000,0x00000000d7280000)
 ParOldGen       total 68608K, used 901K [0x0000000080000000, 0x0000000084300000, 0x00000000d5580000)
  object space 68608K, 1% used [0x0000000080000000,0x00000000800e1698,0x0000000084300000)
 Metaspace       used 8153K, committed 8448K, reserved 1114112K
  class space    used 872K, committed 1024K, reserved 1048576K
}

Dll operation events (9 events):
Event: 0.020 Loaded shared library c:\Users\LaptopHL\.vscode\extensions\redhat.java-1.50.0-win32-x64\jre\21.0.9-win32-x86_64\bin\java.dll
Event: 0.173 Loaded shared library c:\Users\LaptopHL\.vscode\extensions\redhat.java-1.50.0-win32-x64\jre\21.0.9-win32-x86_64\bin\zip.dll
Event: 0.233 Loaded shared library C:\Users\LaptopHL\.vscode\extensions\redhat.java-1.50.0-win32-x64\jre\21.0.9-win32-x86_64\bin\instrument.dll
Event: 0.247 Loaded shared library C:\Users\LaptopHL\.vscode\extensions\redhat.java-1.50.0-win32-x64\jre\21.0.9-win32-x86_64\bin\net.dll
Event: 0.252 Loaded shared library C:\Users\LaptopHL\.vscode\extensions\redhat.java-1.50.0-win32-x64\jre\21.0.9-win32-x86_64\bin\nio.dll
Event: 0.260 Loaded shared library C:\Users\LaptopHL\.vscode\extensions\redhat.java-1.50.0-win32-x64\jre\21.0.9-win32-x86_64\bin\zip.dll
Event: 0.304 Loaded shared library C:\Users\LaptopHL\.vscode\extensions\redhat.java-1.50.0-win32-x64\jre\21.0.9-win32-x86_64\bin\jimage.dll
Event: 0.416 Loaded shared library c:\Users\LaptopHL\.vscode\extensions\redhat.java-1.50.0-win32-x64\jre\21.0.9-win32-x86_64\bin\verify.dll
Event: 11.872 Loaded shared library C:\Users\LaptopHL\AppData\Roaming\Code\User\globalStorage\redhat.java\1.50.0\config_ss_win\org.eclipse.equinox.launcher\org.eclipse.equinox.launcher.win32.win32.x86_64_1.2.1400.v20250801-0854\eclipse_11916.dll

Deoptimization events (20 events):
Event: 11.646 Thread 0x000001d0badebef0 DEOPT PACKING pc=0x000001d0be167a88 sp=0x0000004779afc720
Event: 11.646 Thread 0x000001d0badebef0 DEOPT UNPACKING pc=0x000001d0c5574242 sp=0x0000004779afbba0 mode 0
Event: 11.649 Thread 0x000001d0badebef0 DEOPT PACKING pc=0x000001d0be167a88 sp=0x0000004779afca30
Event: 11.649 Thread 0x000001d0badebef0 DEOPT UNPACKING pc=0x000001d0c5574242 sp=0x0000004779afbeb0 mode 0
Event: 11.652 Thread 0x000001d0badebef0 DEOPT PACKING pc=0x000001d0be167a88 sp=0x0000004779afc980
Event: 11.652 Thread 0x000001d0badebef0 DEOPT UNPACKING pc=0x000001d0c5574242 sp=0x0000004779afbe00 mode 0
Event: 11.653 Thread 0x000001d0badebef0 DEOPT PACKING pc=0x000001d0be167a88 sp=0x0000004779afcc80
Event: 11.654 Thread 0x000001d0badebef0 DEOPT UNPACKING pc=0x000001d0c5574242 sp=0x0000004779afc100 mode 0
Event: 11.889 Thread 0x000001d114c1ea20 Uncommon trap: trap_request=0xffffff6e fr.pc=0x000001d0c5b2c568 relative=0x00000000000003a8
Event: 11.889 Thread 0x000001d114c1ea20 Uncommon trap: reason=loop_limit_check action=maybe_recompile pc=0x000001d0c5b2c568 method=java.lang.StringLatin1.indexOf([BI[BII)I @ 37 c2
Event: 11.889 Thread 0x000001d114c1ea20 DEOPT PACKING pc=0x000001d0c5b2c568 sp=0x000000477b1f8de0
Event: 11.889 Thread 0x000001d114c1ea20 DEOPT UNPACKING pc=0x000001d0c5573aa2 sp=0x000000477b1f8d40 mode 2
Event: 12.328 Thread 0x000001d114c1ea20 Uncommon trap: trap_request=0xffffff45 fr.pc=0x000001d0c5b70bb8 relative=0x0000000000001538
Event: 12.328 Thread 0x000001d114c1ea20 Uncommon trap: reason=unstable_if action=reinterpret pc=0x000001d0c5b70bb8 method=java.io.WinNTFileSystem.normalize(Ljava/lang/String;II)Ljava/lang/String; @ 100 c2
Event: 12.328 Thread 0x000001d114c1ea20 DEOPT PACKING pc=0x000001d0c5b70bb8 sp=0x000000477b1f9160
Event: 12.328 Thread 0x000001d114c1ea20 DEOPT UNPACKING pc=0x000001d0c5573aa2 sp=0x000000477b1f90a0 mode 2
Event: 13.422 Thread 0x000001d114c1ea20 Uncommon trap: trap_request=0xffffff45 fr.pc=0x000001d0c5b39bb4 relative=0x0000000000000094
Event: 13.422 Thread 0x000001d114c1ea20 Uncommon trap: reason=unstable_if action=reinterpret pc=0x000001d0c5b39bb4 method=java.io.BufferedInputStream.getBufIfOpen(Z)[B @ 13 c2
Event: 13.422 Thread 0x000001d114c1ea20 DEOPT PACKING pc=0x000001d0c5b39bb4 sp=0x000000477b1f8a40
Event: 13.422 Thread 0x000001d114c1ea20 DEOPT UNPACKING pc=0x000001d0c5573aa2 sp=0x000000477b1f89c0 mode 2

Classes loaded (20 events):
Event: 12.187 Loading class com/sun/org/apache/xerces/internal/impl/Constants done
Event: 12.187 Loading class com/sun/org/apache/xerces/internal/impl/Constants$ArrayEnumeration
Event: 12.187 Loading class com/sun/org/apache/xerces/internal/impl/Constants$ArrayEnumeration done
Event: 12.202 Loading class com/sun/org/apache/xerces/internal/impl/io/MalformedByteSequenceException
Event: 12.203 Loading class java/io/CharConversionException
Event: 12.203 Loading class java/io/CharConversionException done
Event: 12.203 Loading class com/sun/org/apache/xerces/internal/impl/io/MalformedByteSequenceException done
Event: 12.225 Loading class java/util/concurrent/RejectedExecutionException
Event: 12.225 Loading class java/util/concurrent/RejectedExecutionException done
Event: 12.225 Loading class java/util/concurrent/CompletionStage
Event: 12.225 Loading class java/util/concurrent/CompletionStage done
Event: 12.253 Loading class java/util/concurrent/locks/ReentrantLock$FairSync
Event: 12.254 Loading class java/util/concurrent/locks/ReentrantLock$FairSync done
Event: 12.256 Loading class java/util/Collections$ReverseComparator
Event: 12.257 Loading class java/util/Collections$ReverseComparator done
Event: 13.419 Loading class java/lang/CloneNotSupportedException
Event: 13.419 Loading class java/lang/CloneNotSupportedException done
Event: 13.427 Loading class java/util/stream/ReferencePipeline$5
Event: 13.427 Loading class java/util/stream/LongPipeline$StatelessOp
Event: 13.427 Loading class java/util/stream/LongPipeline

Classes unloaded (0 events):
No events

Classes redefined (0 events):
No events

Internal exceptions (20 events):
Event: 9.623 Thread 0x000001d0badebef0 Exception <a 'java/lang/ClassNotFoundException'{0x00000000d6e7ed60}: sun/net/www/protocol/c/Handler> (0x00000000d6e7ed60) 
thrown [s\src\hotspot\share\classfile\systemDictionary.cpp, line 312]
Event: 9.653 Thread 0x000001d0badebef0 Exception <a 'java/io/FileNotFoundException'{0x00000000d55a3c60}> (0x00000000d55a3c60) 
thrown [s\src\hotspot\share\prims\jni.cpp, line 520]
Event: 9.730 Thread 0x000001d0badebef0 Implicit null exception at 0x000001d0c5b223c9 to 0x000001d0c5b22ecc
Event: 9.730 Thread 0x000001d0badebef0 Implicit null exception at 0x000001d0c5b1ae9a to 0x000001d0c5b1b0bc
Event: 9.731 Thread 0x000001d0badebef0 Exception <a 'java/lang/NoSuchMethodError'{0x00000000d56d41e8}: 'void java.lang.invoke.DirectMethodHandle$Holder.invokeStatic(java.lang.Object, java.lang.Object, java.lang.Object, java.lang.Object)'> (0x00000000d56d41e8) 
thrown [s\src\hotspot\share\interpreter\linkResolver.cpp, line 773]
Event: 9.733 Thread 0x000001d0badebef0 Implicit null exception at 0x000001d0c5b1df9a to 0x000001d0c5b1e1bc
Event: 9.734 Thread 0x000001d0badebef0 Implicit null exception at 0x000001d0c5b15940 to 0x000001d0c5b159c5
Event: 9.878 Thread 0x000001d0badebef0 Exception <a 'java/lang/NoSuchMethodError'{0x00000000d598c7a0}: 'void java.lang.invoke.DirectMethodHandle$Holder.invokeSpecial(java.lang.Object, java.lang.Object, java.lang.Object)'> (0x00000000d598c7a0) 
thrown [s\src\hotspot\share\interpreter\linkResolver.cpp, line 773]
Event: 10.272 Thread 0x000001d0badebef0 Exception <a 'java/lang/NoSuchMethodError'{0x00000000d6255670}: 'int java.lang.invoke.DirectMethodHandle$Holder.invokeVirtual(java.lang.Object, java.lang.Object)'> (0x00000000d6255670) 
thrown [s\src\hotspot\share\interpreter\linkResolver.cpp, line 773]
Event: 10.370 Thread 0x000001d0badebef0 Exception <a 'java/lang/NoSuchMethodError'{0x00000000d63d96b8}: 'int java.lang.invoke.DirectMethodHandle$Holder.invokeStaticInit(java.lang.Object, java.lang.Object, java.lang.Object, java.lang.Object)'> (0x00000000d63d96b8) 
thrown [s\src\hotspot\share\interpreter\linkResolver.cpp, line 773]
Event: 10.373 Thread 0x000001d0badebef0 Exception <a 'java/lang/IncompatibleClassChangeError'{0x00000000d63e1ac0}: Found class java.lang.Object, but interface was expected> (0x00000000d63e1ac0) 
thrown [s\src\hotspot\share\interpreter\linkResolver.cpp, line 840]
Event: 10.375 Thread 0x000001d0badebef0 Exception <a 'java/lang/NoSuchMethodError'{0x00000000d63e8990}: 'void java.lang.invoke.DirectMethodHandle$Holder.invokeStaticInit(java.lang.Object, java.lang.Object)'> (0x00000000d63e8990) 
thrown [s\src\hotspot\share\interpreter\linkResolver.cpp, line 773]
Event: 10.376 Thread 0x000001d0badebef0 Exception <a 'java/lang/NoSuchMethodError'{0x00000000d63f2e30}: 'int java.lang.invoke.DirectMethodHandle$Holder.invokeStaticInit(java.lang.Object, java.lang.Object)'> (0x00000000d63f2e30) 
thrown [s\src\hotspot\share\interpreter\linkResolver.cpp, line 773]
Event: 10.473 Thread 0x000001d0badebef0 Exception <a 'java/lang/NoSuchMethodError'{0x00000000d66634f8}: 'java.lang.Object java.lang.invoke.DirectMethodHandle$Holder.newInvokeSpecial(java.lang.Object, int, java.lang.Object)'> (0x00000000d66634f8) 
thrown [s\src\hotspot\share\interpreter\linkResolver.cpp, line 773]
Event: 10.540 Thread 0x000001d0badebef0 Exception <a 'java/lang/ClassNotFoundException'{0x00000000d6890660}: sun/net/www/protocol/plurl/Handler> (0x00000000d6890660) 
thrown [s\src\hotspot\share\classfile\systemDictionary.cpp, line 312]
Event: 10.540 Thread 0x000001d0badebef0 Exception <a 'java/lang/ClassNotFoundException'{0x00000000d68914e0}: sun/net/www/protocol/plurl/Handler> (0x00000000d68914e0) 
thrown [s\src\hotspot\share\classfile\systemDictionary.cpp, line 312]
Event: 11.861 Thread 0x000001d0badebef0 Exception <a 'java/lang/UnsatisfiedLinkError'{0x00000000d6cc5e48}: 'void org.eclipse.equinox.launcher.JNIBridge._update_splash()'> (0x00000000d6cc5e48) 
thrown [s\src\hotspot\share\prims\nativeLookup.cpp, line 415]
Event: 12.092 Thread 0x000001d114c1ea20 Exception <a 'java/lang/NullPointerException'{0x00000000d57d69a8}> (0x00000000d57d69a8) 
thrown [s\src\hotspot\share\interpreter\linkResolver.cpp, line 1372]
Event: 12.092 Thread 0x000001d114c1ea20 Exception <a 'java/lang/NullPointerException'{0x00000000d57d6c88}> (0x00000000d57d6c88) 
thrown [s\src\hotspot\share\interpreter\linkResolver.cpp, line 1372]
Event: 13.426 Thread 0x000001d114c1ea20 Exception <a 'java/lang/NoSuchMethodError'{0x00000000d60cdc40}: 'long java.lang.invoke.DirectMethodHandle$Holder.invokeSpecial(java.lang.Object, java.lang.Object)'> (0x00000000d60cdc40) 
thrown [s\src\hotspot\share\interpreter\linkResolver.cpp, line 773]

ZGC Phase Switch (0 events):
No events

VM Operations (20 events):
Event: 9.325 Executing VM operation: Cleanup done
Event: 9.625 Executing VM operation: ParallelGCFailedAllocation (Allocation Failure)
Event: 9.636 Executing VM operation: ParallelGCFailedAllocation (Allocation Failure) done
Event: 10.429 Executing VM operation: HandshakeAllThreads (Deoptimize)
Event: 10.429 Executing VM operation: HandshakeAllThreads (Deoptimize) done
Event: 10.454 Executing VM operation: HandshakeAllThreads (Deoptimize)
Event: 10.454 Executing VM operation: HandshakeAllThreads (Deoptimize) done
Event: 10.514 Executing VM operation: HandshakeAllThreads (Deoptimize)
Event: 10.514 Executing VM operation: HandshakeAllThreads (Deoptimize) done
Event: 10.535 Executing VM operation: HandshakeAllThreads (Deoptimize)
Event: 10.535 Executing VM operation: HandshakeAllThreads (Deoptimize) done
Event: 11.548 Executing VM operation: Cleanup
Event: 11.548 Executing VM operation: Cleanup done
Event: 11.940 Executing VM operation: ParallelGCFailedAllocation (Allocation Failure)
Event: 11.950 Executing VM operation: ParallelGCFailedAllocation (Allocation Failure) done
Event: 12.254 Executing VM operation: HandshakeAllThreads (Deoptimize)
Event: 12.254 Executing VM operation: HandshakeAllThreads (Deoptimize) done
Event: 13.263 Executing VM operation: Cleanup
Event: 13.361 Executing VM operation: Cleanup done
Event: 15.366 Executing VM operation: Cleanup

Memory protections (0 events):
No events

Nmethod flushes (0 events):
No events

Events (19 events):
Event: 0.054 Thread 0x000001d0badebef0 Thread added: 0x000001d0badebef0
Event: 0.086 Thread 0x000001d0badebef0 Thread added: 0x000001d0d185c090
Event: 0.086 Thread 0x000001d0badebef0 Thread added: 0x000001d0d185f510
Event: 0.086 Thread 0x000001d0badebef0 Thread added: 0x000001d0d1861cb0
Event: 0.087 Thread 0x000001d0badebef0 Thread added: 0x000001d0d1862cb0
Event: 0.087 Thread 0x000001d0badebef0 Thread added: 0x000001d0d1866ea0
Event: 0.087 Thread 0x000001d0badebef0 Thread added: 0x000001d0d186e220
Event: 0.088 Thread 0x000001d0badebef0 Thread added: 0x000001d0d189a2a0
Event: 0.088 Thread 0x000001d0badebef0 Thread added: 0x000001d0d189cb90
Event: 0.196 Thread 0x000001d0d189cb90 Thread added: 0x000001d1143e1db0
Event: 0.239 Thread 0x000001d0badebef0 Thread added: 0x000001d11442fd30
Event: 0.609 Thread 0x000001d0badebef0 Thread added: 0x000001d11460f9a0
Event: 9.328 Thread 0x000001d1143e1db0 Thread exited: 0x000001d1143e1db0
Event: 9.438 Thread 0x000001d0d189cb90 Thread added: 0x000001d1148b57d0
Event: 10.399 Thread 0x000001d0badebef0 Thread added: 0x000001d114c5e0b0
Event: 11.815 Thread 0x000001d0badebef0 Thread added: 0x000001d114ba6bb0
Event: 11.858 Thread 0x000001d0badebef0 Thread added: 0x000001d114c1ea20
Event: 12.002 Thread 0x000001d1148b57d0 Thread exited: 0x000001d1148b57d0
Event: 12.230 Thread 0x000001d114c1ea20 Thread added: 0x000001d1147ce320


Dynamic libraries:
0x00007ff70c140000 - 0x00007ff70c14e000 	c:\Users\LaptopHL\.vscode\extensions\redhat.java-1.50.0-win32-x64\jre\21.0.9-win32-x86_64\bin\java.exe
0x00007ffe79e60000 - 0x00007ffe7a0c8000 	C:\WINDOWS\SYSTEM32\ntdll.dll
0x00007ffe79ce0000 - 0x00007ffe79da9000 	C:\WINDOWS\System32\KERNEL32.DLL
0x00007ffe77130000 - 0x00007ffe77528000 	C:\WINDOWS\System32\KERNELBASE.dll
0x00007ffe76fb0000 - 0x00007ffe770fb000 	C:\WINDOWS\System32\ucrtbase.dll
0x00007ffe56dc0000 - 0x00007ffe56dde000 	c:\Users\LaptopHL\.vscode\extensions\redhat.java-1.50.0-win32-x64\jre\21.0.9-win32-x86_64\bin\VCRUNTIME140.dll
0x00007ffe59f80000 - 0x00007ffe59f98000 	c:\Users\LaptopHL\.vscode\extensions\redhat.java-1.50.0-win32-x64\jre\21.0.9-win32-x86_64\bin\jli.dll
0x00007ffe798f0000 - 0x00007ffe79ab7000 	C:\WINDOWS\System32\USER32.dll
0x00007ffe5f6d0000 - 0x00007ffe5f964000 	C:\WINDOWS\WinSxS\amd64_microsoft.windows.common-controls_6595b64144ccf1df_6.0.26100.7019_none_3e06ffa0e335b8a8\COMCTL32.dll
0x00007ffe77100000 - 0x00007ffe77127000 	C:\WINDOWS\System32\win32u.dll
0x00007ffe78ca0000 - 0x00007ffe78d49000 	C:\WINDOWS\System32\msvcrt.dll
0x00007ffe790e0000 - 0x00007ffe7910b000 	C:\WINDOWS\System32\GDI32.dll
0x00007ffe77800000 - 0x00007ffe7792c000 	C:\WINDOWS\System32\gdi32full.dll
0x00007ffe77b50000 - 0x00007ffe77bf3000 	C:\WINDOWS\System32\msvcp_win.dll
0x00007ffe79c70000 - 0x00007ffe79ca1000 	C:\WINDOWS\System32\IMM32.DLL
0x00007ffe688e0000 - 0x00007ffe688ec000 	c:\Users\LaptopHL\.vscode\extensions\redhat.java-1.50.0-win32-x64\jre\21.0.9-win32-x86_64\bin\vcruntime140_1.dll
0x00007ffe37b90000 - 0x00007ffe37c1d000 	c:\Users\LaptopHL\.vscode\extensions\redhat.java-1.50.0-win32-x64\jre\21.0.9-win32-x86_64\bin\msvcp140.dll
0x00007ffe1e3c0000 - 0x00007ffe1f160000 	c:\Users\LaptopHL\.vscode\extensions\redhat.java-1.50.0-win32-x64\jre\21.0.9-win32-x86_64\bin\server\jvm.dll
0x00007ffe78b80000 - 0x00007ffe78c34000 	C:\WINDOWS\System32\ADVAPI32.dll
0x00007ffe79020000 - 0x00007ffe790c6000 	C:\WINDOWS\System32\sechost.dll
0x00007ffe789d0000 - 0x00007ffe78ae8000 	C:\WINDOWS\System32\RPCRT4.dll
0x00007ffe78af0000 - 0x00007ffe78b64000 	C:\WINDOWS\System32\WS2_32.dll
0x00007ffe76e10000 - 0x00007ffe76e6e000 	C:\WINDOWS\SYSTEM32\POWRPROF.dll
0x00007ffe60460000 - 0x00007ffe60495000 	C:\WINDOWS\SYSTEM32\WINMM.dll
0x00007ffe69cc0000 - 0x00007ffe69ccb000 	C:\WINDOWS\SYSTEM32\VERSION.dll
0x00007ffe76df0000 - 0x00007ffe76e04000 	C:\WINDOWS\SYSTEM32\UMPDC.dll
0x00007ffe75d30000 - 0x00007ffe75d4b000 	C:\WINDOWS\SYSTEM32\kernel.appcore.dll
0x00007ffe68620000 - 0x00007ffe6862a000 	c:\Users\LaptopHL\.vscode\extensions\redhat.java-1.50.0-win32-x64\jre\21.0.9-win32-x86_64\bin\jimage.dll
0x00007ffe74700000 - 0x00007ffe74942000 	C:\WINDOWS\SYSTEM32\DBGHELP.DLL
0x00007ffe791d0000 - 0x00007ffe7955b000 	C:\WINDOWS\System32\combase.dll
0x00007ffe78f40000 - 0x00007ffe79017000 	C:\WINDOWS\System32\OLEAUT32.dll
0x00007ffe60120000 - 0x00007ffe6015c000 	C:\WINDOWS\SYSTEM32\dbgcore.DLL
0x00007ffe77930000 - 0x00007ffe779d5000 	C:\WINDOWS\System32\bcryptPrimitives.dll
0x00007ffe70230000 - 0x00007ffe7023f000 	c:\Users\LaptopHL\.vscode\extensions\redhat.java-1.50.0-win32-x64\jre\21.0.9-win32-x86_64\bin\instrument.dll
0x00007ffe68380000 - 0x00007ffe683a0000 	c:\Users\LaptopHL\.vscode\extensions\redhat.java-1.50.0-win32-x64\jre\21.0.9-win32-x86_64\bin\java.dll
0x00007ffe77d00000 - 0x00007ffe7844f000 	C:\WINDOWS\System32\SHELL32.dll
0x00007ffe779e0000 - 0x00007ffe77b4b000 	C:\WINDOWS\System32\wintypes.dll
0x00007ffe74b90000 - 0x00007ffe753ed000 	C:\WINDOWS\SYSTEM32\windows.storage.dll
0x00007ffe77c00000 - 0x00007ffe77cf2000 	C:\WINDOWS\System32\SHCORE.dll
0x00007ffe79db0000 - 0x00007ffe79e17000 	C:\WINDOWS\System32\shlwapi.dll
0x00007ffe76ed0000 - 0x00007ffe76ef9000 	C:\WINDOWS\SYSTEM32\profapi.dll
0x00007ffe5f510000 - 0x00007ffe5f528000 	c:\Users\LaptopHL\.vscode\extensions\redhat.java-1.50.0-win32-x64\jre\21.0.9-win32-x86_64\bin\zip.dll
0x00007ffe685c0000 - 0x00007ffe685d0000 	C:\Users\LaptopHL\.vscode\extensions\redhat.java-1.50.0-win32-x64\jre\21.0.9-win32-x86_64\bin\net.dll
0x00007ffe70310000 - 0x00007ffe70438000 	C:\WINDOWS\SYSTEM32\WINHTTP.dll
0x00007ffe76280000 - 0x00007ffe762eb000 	C:\WINDOWS\system32\mswsock.dll
0x00007ffe520a0000 - 0x00007ffe520b6000 	C:\Users\LaptopHL\.vscode\extensions\redhat.java-1.50.0-win32-x64\jre\21.0.9-win32-x86_64\bin\nio.dll
0x00007ffe68fd0000 - 0x00007ffe68fe0000 	c:\Users\LaptopHL\.vscode\extensions\redhat.java-1.50.0-win32-x64\jre\21.0.9-win32-x86_64\bin\verify.dll
0x00007ffe570b0000 - 0x00007ffe570f4000 	C:\Users\LaptopHL\AppData\Roaming\Code\User\globalStorage\redhat.java\1.50.0\config_ss_win\org.eclipse.equinox.launcher\org.eclipse.equinox.launcher.win32.win32.x86_64_1.2.1400.v20250801-0854\eclipse_11916.dll
0x00007ffe79ad0000 - 0x00007ffe79c67000 	C:\WINDOWS\System32\ole32.dll

JVMTI agents:
c:\Users\LaptopHL\.vscode\extensions\redhat.java-1.50.0-win32-x64\lombok\lombok-1.18.39-4050.jar path:c:\Users\LaptopHL\.vscode\extensions\redhat.java-1.50.0-win32-x64\jre\21.0.9-win32-x86_64\bin\instrument.dll, loaded, initialized, instrumentlib options:none

dbghelp: loaded successfully - version: 4.0.5 - missing functions: none
symbol engine: initialized successfully - sym options: 0x614 - pdb path: .;c:\Users\LaptopHL\.vscode\extensions\redhat.java-1.50.0-win32-x64\jre\21.0.9-win32-x86_64\bin;C:\WINDOWS\SYSTEM32;C:\WINDOWS\WinSxS\amd64_microsoft.windows.common-controls_6595b64144ccf1df_6.0.26100.7019_none_3e06ffa0e335b8a8;c:\Users\LaptopHL\.vscode\extensions\redhat.java-1.50.0-win32-x64\jre\21.0.9-win32-x86_64\bin\server;C:\Users\LaptopHL\AppData\Roaming\Code\User\globalStorage\redhat.java\1.50.0\config_ss_win\org.eclipse.equinox.launcher\org.eclipse.equinox.launcher.win32.win32.x86_64_1.2.1400.v20250801-0854

VM Arguments:
jvm_args: --add-modules=ALL-SYSTEM --add-opens=java.base/java.util=ALL-UNNAMED --add-opens=java.base/java.lang=ALL-UNNAMED --add-opens=java.base/sun.nio.fs=ALL-UNNAMED -Declipse.application=org.eclipse.jdt.ls.core.id1 -Dosgi.bundles.defaultStartLevel=4 -Declipse.product=org.eclipse.jdt.ls.core.product -Djava.import.generatesMetadataFilesAtProjectRoot=false -DDetectVMInstallationsJob.disabled=true -Dfile.encoding=utf8 -XX:+UseParallelGC -XX:GCTimeRatio=4 -XX:AdaptiveSizePolicyWeight=90 -Dsun.zip.disableMemoryMapping=true -Xmx2G -Xms100m -Xlog:disable -javaagent:c:\Users\LaptopHL\.vscode\extensions\redhat.java-1.50.0-win32-x64\lombok\lombok-1.18.39-4050.jar 
java_command: c:\Users\LaptopHL\.vscode\extensions\redhat.java-1.50.0-win32-x64\server\plugins\org.eclipse.equinox.launcher_1.7.100.v20251111-0406.jar -configuration c:\Users\LaptopHL\AppData\Roaming\Code\User\globalStorage\redhat.java\1.50.0\config_ss_win -data c:\Users\LaptopHL\AppData\Roaming\Code\User\workspaceStorage\9d5b18b860a84b270e7aae7698a56e88\redhat.java\ss_ws --pipe=\\.\pipe\lsp-30dabd04a1548478c485d0f47ca0f853-sock
java_class_path (initial): c:\Users\LaptopHL\.vscode\extensions\redhat.java-1.50.0-win32-x64\server\plugins\org.eclipse.equinox.launcher_1.7.100.v20251111-0406.jar
Launcher Type: SUN_STANDARD

[Global flags]
    uintx AdaptiveSizePolicyWeight                 = 90                                        {product} {command line}
     intx CICompilerCount                          = 4                                         {product} {ergonomic}
    uintx GCTimeRatio                              = 4                                         {product} {command line}
   size_t InitialHeapSize                          = 104857600                                 {product} {command line}
   size_t MaxHeapSize                              = 2147483648                                {product} {command line}
   size_t MaxNewSize                               = 715653120                                 {product} {ergonomic}
   size_t MinHeapDeltaBytes                        = 524288                                    {product} {ergonomic}
   size_t MinHeapSize                              = 104857600                                 {product} {command line}
   size_t NewSize                                  = 34603008                                  {product} {ergonomic}
    uintx NonNMethodCodeHeapSize                   = 5839372                                {pd product} {ergonomic}
    uintx NonProfiledCodeHeapSize                  = 122909434                              {pd product} {ergonomic}
   size_t OldSize                                  = 70254592                                  {product} {ergonomic}
    uintx ProfiledCodeHeapSize                     = 122909434                              {pd product} {ergonomic}
    uintx ReservedCodeCacheSize                    = 251658240                              {pd product} {ergonomic}
     bool SegmentedCodeCache                       = true                                      {product} {ergonomic}
   size_t SoftMaxHeapSize                          = 2147483648                             {manageable} {ergonomic}
     bool UseCompressedOops                        = true                           {product lp64_product} {ergonomic}
     bool UseLargePagesIndividualAllocation        = false                                  {pd product} {ergonomic}
     bool UseParallelGC                            = true                                      {product} {command line}

Logging:
Log output configuration:
 #0: stdout all=off uptime,level,tags foldmultilines=false
 #1: stderr all=off uptime,level,tags foldmultilines=false

Release file:
JAVA_VERSION="21.0.9" 
MODULES="java.base java.compiler java.datatransfer java.xml java.prefs java.desktop java.instrument java.logging java.management java.security.sasl java.naming java.rmi java.management.rmi java.net.http java.scripting java.security.jgss java.transaction.xa java.sql java.sql.rowset java.xml.crypto java.se java.smartcardio jdk.accessibility jdk.internal.jvmstat jdk.attach jdk.charsets jdk.internal.opt jdk.zipfs jdk.compiler jdk.crypto.ec jdk.crypto.cryptoki jdk.crypto.mscapi jdk.dynalink jdk.internal.ed jdk.editpad jdk.hotspot.agent jdk.httpserver jdk.internal.le jdk.internal.vm.ci jdk.internal.vm.compiler jdk.internal.vm.compiler.management jdk.jartool jdk.javadoc jdk.jcmd jdk.management jdk.management.agent jdk.jconsole jdk.jdeps jdk.jdwp.agent jdk.jdi jdk.jfr jdk.jshell jdk.jsobject jdk.jstatd jdk.localedata jdk.management.jfr jdk.naming.dns jdk.naming.rmi jdk.net jdk.nio.mapmode jdk.random jdk.sctp jdk.security.auth jdk.security.jgss jdk.unsupported jdk.unsupported.desktop jdk.xml.dom" 

Environment Variables:
JAVA_HOME=C:\Program Files\Microsoft\jdk-17.0.17.10-hotspot\
PATH=C:\Program Files\Microsoft\jdk-17.0.17.10-hotspot\bin;C:\WINDOWS\system32;C:\WINDOWS;C:\WINDOWS\System32\Wbem;C:\WINDOWS\System32\WindowsPowerShell\v1.0\;C:\WINDOWS\System32\OpenSSH\;C:\Program Files\Git\cmd;C:\Program Files\nodejs\;C:\ProgramData\chocolatey\bin;C:\Program Files\gettext\bin;;C:\Program Files\Docker\Docker\resources\bin;C:\Program Files\Microsoft VS Code\bin;C:\Program Files\GitHub CLI\;C:\Users\LaptopHL\AppData\Local\pnpm;C:\Users\LaptopHL\AppData\Local\Programs\Python\Python311\Scripts\;C:\Users\LaptopHL\AppData\Local\Programs\Python\Python311\;C:\Users\LaptopHL\AppData\Local\Programs\Python\Python313\Scripts\;C:\Users\LaptopHL\AppData\Local\Programs\Python\Python313\;C:\Users\LaptopHL\AppData\Local\Programs\Python\Launcher\;C:\Users\LaptopHL\AppData\Local\Microsoft\WindowsApps;C:\Users\LaptopHL\AppData\Roaming\npm;C:\Program Files\PostgreSQL\17\bin;
USERNAME=LaptopHL
OS=Windows_NT
PROCESSOR_IDENTIFIER=Intel64 Family 6 Model 142 Stepping 12, GenuineIntel
TMP=C:\Users\LaptopHL\AppData\Local\Temp
TEMP=C:\Users\LaptopHL\AppData\Local\Temp




Periodic native trim disabled

---------------  S Y S T E M  ---------------

OS:
 Windows 11 , 64 bit Build 26100 (10.0.26100.7019)
OS uptime: 16 days 0:52 hours
Hyper-V role detected

CPU: total 8 (initial active 8) (4 cores per cpu, 2 threads per core) family 6 model 142 stepping 12 microcode 0x100, cx8, cmov, fxsr, ht, mmx, 3dnowpref, sse, sse2, sse3, ssse3, sse4.1, sse4.2, popcnt, lzcnt, tsc, tscinvbit, avx, avx2, aes, erms, clmul, bmi1, bmi2, adx, fma, vzeroupper, clflush, clflushopt, hv, rdtscp, f16c
Processor Information for processor 0
  Max Mhz: 2208, Current Mhz: 1706, Mhz Limit: 1700
Processor Information for processor 1
  Max Mhz: 2208, Current Mhz: 1505, Mhz Limit: 1700
Processor Information for processor 2
  Max Mhz: 2208, Current Mhz: 1505, Mhz Limit: 1700
Processor Information for processor 3
  Max Mhz: 2208, Current Mhz: 1505, Mhz Limit: 1700
Processor Information for processor 4
  Max Mhz: 2208, Current Mhz: 1505, Mhz Limit: 1700
Processor Information for processor 5
  Max Mhz: 2208, Current Mhz: 1505, Mhz Limit: 1700
Processor Information for processor 6
  Max Mhz: 2208, Current Mhz: 1706, Mhz Limit: 1700
Processor Information for processor 7
  Max Mhz: 2208, Current Mhz: 1505, Mhz Limit: 1700

Memory: 4k page, system-wide physical 7910M (507M free)
TotalPageFile size 16102M (AvailPageFile size 9M)
current process WorkingSet (physical memory assigned to process): 98M, peak: 100M
current process commit charge ("private bytes"): 243M, peak: 245M

vm_info: OpenJDK 64-Bit Server VM (21.0.9+10-LTS) for windows-amd64 JRE (21.0.9+10-LTS), built on 2025-10-21T00:00:00Z by "admin" with unknown MS VC++:1942

END.
